Archive member included to satisfy reference by file (symbol)

c:/st/stm32cubeide_1.4.0/stm32cubeide/plugins/com.st.stm32cube.ide.mcu.externaltools.gnu-tools-for-stm32.7-2018-q2-update.win32_1.5.0.202011040924/tools/bin/../lib/gcc/arm-none-eabi/7.3.1/../../../../arm-none-eabi/lib/thumb/v7e-m/fpv4-sp/hard\libc_nano.a(lib_a-errno.o)
                              Core/Src/syscalls.o (__errno)
c:/st/stm32cubeide_1.4.0/stm32cubeide/plugins/com.st.stm32cube.ide.mcu.externaltools.gnu-tools-for-stm32.7-2018-q2-update.win32_1.5.0.202011040924/tools/bin/../lib/gcc/arm-none-eabi/7.3.1/../../../../arm-none-eabi/lib/thumb/v7e-m/fpv4-sp/hard\libc_nano.a(lib_a-exit.o)
                              c:/st/stm32cubeide_1.4.0/stm32cubeide/plugins/com.st.stm32cube.ide.mcu.externaltools.gnu-tools-for-stm32.7-2018-q2-update.win32_1.5.0.202011040924/tools/bin/../lib/gcc/arm-none-eabi/7.3.1/../../../../arm-none-eabi/lib/thumb/v7e-m/fpv4-sp/hard/crt0.o (exit)
c:/st/stm32cubeide_1.4.0/stm32cubeide/plugins/com.st.stm32cube.ide.mcu.externaltools.gnu-tools-for-stm32.7-2018-q2-update.win32_1.5.0.202011040924/tools/bin/../lib/gcc/arm-none-eabi/7.3.1/../../../../arm-none-eabi/lib/thumb/v7e-m/fpv4-sp/hard\libc_nano.a(lib_a-impure.o)
                              c:/st/stm32cubeide_1.4.0/stm32cubeide/plugins/com.st.stm32cube.ide.mcu.externaltools.gnu-tools-for-stm32.7-2018-q2-update.win32_1.5.0.202011040924/tools/bin/../lib/gcc/arm-none-eabi/7.3.1/../../../../arm-none-eabi/lib/thumb/v7e-m/fpv4-sp/hard\libc_nano.a(lib_a-exit.o) (_global_impure_ptr)
c:/st/stm32cubeide_1.4.0/stm32cubeide/plugins/com.st.stm32cube.ide.mcu.externaltools.gnu-tools-for-stm32.7-2018-q2-update.win32_1.5.0.202011040924/tools/bin/../lib/gcc/arm-none-eabi/7.3.1/../../../../arm-none-eabi/lib/thumb/v7e-m/fpv4-sp/hard\libc_nano.a(lib_a-init.o)
                              c:/st/stm32cubeide_1.4.0/stm32cubeide/plugins/com.st.stm32cube.ide.mcu.externaltools.gnu-tools-for-stm32.7-2018-q2-update.win32_1.5.0.202011040924/tools/bin/../lib/gcc/arm-none-eabi/7.3.1/../../../../arm-none-eabi/lib/thumb/v7e-m/fpv4-sp/hard/crt0.o (__libc_init_array)
c:/st/stm32cubeide_1.4.0/stm32cubeide/plugins/com.st.stm32cube.ide.mcu.externaltools.gnu-tools-for-stm32.7-2018-q2-update.win32_1.5.0.202011040924/tools/bin/../lib/gcc/arm-none-eabi/7.3.1/../../../../arm-none-eabi/lib/thumb/v7e-m/fpv4-sp/hard\libc_nano.a(lib_a-memcmp.o)
                              Middlewares/Third_Party/FreeRTOS/org/Source/tasks.o (memcmp)
c:/st/stm32cubeide_1.4.0/stm32cubeide/plugins/com.st.stm32cube.ide.mcu.externaltools.gnu-tools-for-stm32.7-2018-q2-update.win32_1.5.0.202011040924/tools/bin/../lib/gcc/arm-none-eabi/7.3.1/../../../../arm-none-eabi/lib/thumb/v7e-m/fpv4-sp/hard\libc_nano.a(lib_a-memcpy-stub.o)
                              Middlewares/Third_Party/FreeRTOS/org/Source/queue.o (memcpy)
c:/st/stm32cubeide_1.4.0/stm32cubeide/plugins/com.st.stm32cube.ide.mcu.externaltools.gnu-tools-for-stm32.7-2018-q2-update.win32_1.5.0.202011040924/tools/bin/../lib/gcc/arm-none-eabi/7.3.1/../../../../arm-none-eabi/lib/thumb/v7e-m/fpv4-sp/hard\libc_nano.a(lib_a-memset.o)
                              c:/st/stm32cubeide_1.4.0/stm32cubeide/plugins/com.st.stm32cube.ide.mcu.externaltools.gnu-tools-for-stm32.7-2018-q2-update.win32_1.5.0.202011040924/tools/bin/../lib/gcc/arm-none-eabi/7.3.1/../../../../arm-none-eabi/lib/thumb/v7e-m/fpv4-sp/hard/crt0.o (memset)
c:/st/stm32cubeide_1.4.0/stm32cubeide/plugins/com.st.stm32cube.ide.mcu.externaltools.gnu-tools-for-stm32.7-2018-q2-update.win32_1.5.0.202011040924/tools/bin/../lib/gcc/arm-none-eabi/7.3.1/../../../../arm-none-eabi/lib/thumb/v7e-m/fpv4-sp/hard\libc_nano.a(lib_a-strlen.o)
                              Middlewares/Third_Party/SEGGER/SEGGER/SEGGER_RTT.o (strlen)
c:/st/stm32cubeide_1.4.0/stm32cubeide/plugins/com.st.stm32cube.ide.mcu.externaltools.gnu-tools-for-stm32.7-2018-q2-update.win32_1.5.0.202011040924/tools/bin/../lib/gcc/arm-none-eabi/7.3.1/thumb/v7e-m/fpv4-sp/hard\libgcc.a(_aeabi_uldivmod.o)
                              Drivers/STM32F7xx_HAL_Driver/Src/stm32f7xx_hal_rcc.o (__aeabi_uldivmod)
c:/st/stm32cubeide_1.4.0/stm32cubeide/plugins/com.st.stm32cube.ide.mcu.externaltools.gnu-tools-for-stm32.7-2018-q2-update.win32_1.5.0.202011040924/tools/bin/../lib/gcc/arm-none-eabi/7.3.1/thumb/v7e-m/fpv4-sp/hard\libgcc.a(_udivmoddi4.o)
                              c:/st/stm32cubeide_1.4.0/stm32cubeide/plugins/com.st.stm32cube.ide.mcu.externaltools.gnu-tools-for-stm32.7-2018-q2-update.win32_1.5.0.202011040924/tools/bin/../lib/gcc/arm-none-eabi/7.3.1/thumb/v7e-m/fpv4-sp/hard\libgcc.a(_aeabi_uldivmod.o) (__udivmoddi4)
c:/st/stm32cubeide_1.4.0/stm32cubeide/plugins/com.st.stm32cube.ide.mcu.externaltools.gnu-tools-for-stm32.7-2018-q2-update.win32_1.5.0.202011040924/tools/bin/../lib/gcc/arm-none-eabi/7.3.1/thumb/v7e-m/fpv4-sp/hard\libgcc.a(_dvmd_tls.o)
[...]
Memory Configuration

Name             Origin             Length             Attributes
RAM              0x0000000020000000 0x0000000000050000 xrw
FLASH            0x0000000008000000 0x0000000000100000 xr
*default*        0x0000000000000000 0xffffffffffffffff

Linker script and memory map

LOAD c:/st/stm32cubeide_1.4.0/stm32cubeide/plugins/com.st.stm32cube.ide.mcu.externaltools.gnu-tools-for-stm32.7-2018-q2-update.win32_1.5.0.202011040924/tools/bin/../lib/gcc/arm-none-eabi/7.3.1/thumb/v7e-m/fpv4-sp/hard/crti.o
LOAD c:/st/stm32cubeide_1.4.0/stm32cubeide/plugins/com.st.stm32cube.ide.mcu.externaltools.gnu-tools-for-stm32.7-2018-q2-update.win32_1.5.0.202011040924/tools/bin/../lib/gcc/arm-none-eabi/7.3.1/thumb/v7e-m/fpv4-sp/hard/crtbegin.o
LOAD c:/st/stm32cubeide_1.4.0/stm32cubeide/plugins/com.st.stm32cube.ide.mcu.externaltools.gnu-tools-for-stm32.7-2018-q2-update.win32_1.5.0.202011040924/tools/bin/../lib/gcc/arm-none-eabi/7.3.1/../../../../arm-none-eabi/lib/thumb/v7e-m/fpv4-sp/hard/crt0.o
LOAD Core/Src/freertos.o
LOAD Core/Src/gpio.o
LOAD Core/Src/main.o
LOAD Core/Src/stm32f7xx_hal_msp.o
LOAD Core/Src/stm32f7xx_hal_timebase_tim.o
LOAD Core/Src/stm32f7xx_it.o
LOAD Core/Src/syscalls.o
LOAD Core/Src/sysmem.o
LOAD Core/Src/system_stm32f7xx.o
LOAD Core/Src/usart.o
LOAD Core/Startup/startup_stm32f746nghx.o
LOAD Drivers/STM32F7xx_HAL_Driver/Src/stm32f7xx_hal.o
LOAD Drivers/STM32F7xx_HAL_Driver/Src/stm32f7xx_hal_cortex.o
LOAD Drivers/STM32F7xx_HAL_Driver/Src/stm32f7xx_hal_dma.o
LOAD Drivers/STM32F7xx_HAL_Driver/Src/stm32f7xx_hal_dma_ex.o
LOAD Drivers/STM32F7xx_HAL_Driver/Src/stm32f7xx_hal_exti.o
LOAD Drivers/STM32F7xx_HAL_Driver/Src/stm32f7xx_hal_flash.o
LOAD Drivers/STM32F7xx_HAL_Driver/Src/stm32f7xx_hal_flash_ex.o
LOAD Drivers/STM32F7xx_HAL_Driver/Src/stm32f7xx_hal_gpio.o
LOAD Drivers/STM32F7xx_HAL_Driver/Src/stm32f7xx_hal_i2c.o
LOAD Drivers/STM32F7xx_HAL_Driver/Src/stm32f7xx_hal_i2c_ex.o
LOAD Drivers/STM32F7xx_HAL_Driver/Src/stm32f7xx_hal_pwr.o
LOAD Drivers/STM32F7xx_HAL_Driver/Src/stm32f7xx_hal_pwr_ex.o
LOAD Drivers/STM32F7xx_HAL_Driver/Src/stm32f7xx_hal_rcc.o
LOAD Drivers/STM32F7xx_HAL_Driver/Src/stm32f7xx_hal_rcc_ex.o
LOAD Drivers/STM32F7xx_HAL_Driver/Src/stm32f7xx_hal_tim.o
LOAD Drivers/STM32F7xx_HAL_Driver/Src/stm32f7xx_hal_tim_ex.o
LOAD Drivers/STM32F7xx_HAL_Driver/Src/stm32f7xx_hal_uart.o
LOAD Drivers/STM32F7xx_HAL_Driver/Src/stm32f7xx_hal_uart_ex.o
LOAD Middlewares/Third_Party/FreeRTOS/org/Source/CMSIS_RTOS/cmsis_os.o
LOAD Middlewares/Third_Party/FreeRTOS/org/Source/croutine.o
LOAD Middlewares/Third_Party/FreeRTOS/org/Source/event_groups.o
LOAD Middlewares/Third_Party/FreeRTOS/org/Source/list.o
LOAD Middlewares/Third_Party/FreeRTOS/org/Source/queue.o
LOAD Middlewares/Third_Party/FreeRTOS/org/Source/stream_buffer.o
LOAD Middlewares/Third_Party/FreeRTOS/org/Source/tasks.o
LOAD Middlewares/Third_Party/FreeRTOS/org/Source/timers.o
LOAD Middlewares/Third_Party/FreeRTOS/org/Source/portable/GCC/ARM_CM7/r0p1/port.o
LOAD Middlewares/Third_Party/FreeRTOS/org/Source/portable/MemMang/heap_4.o
LOAD Middlewares/Third_Party/SEGGER/Config/SEGGER_SYSVIEW_Config_FreeRTOS.o
LOAD Middlewares/Third_Party/SEGGER/OS/SEGGER_SYSVIEW_FreeRTOS.o
LOAD Middlewares/Third_Party/SEGGER/SEGGER/SEGGER_RTT.o
LOAD Middlewares/Third_Party/SEGGER/SEGGER/SEGGER_RTT_ASM_ARMv7M.o
LOAD Middlewares/Third_Party/SEGGER/SEGGER/SEGGER_RTT_printf.o
LOAD Middlewares/Third_Party/SEGGER/SEGGER/SEGGER_SYSVIEW.o
START GROUP
LOAD c:/st/stm32cubeide_1.4.0/stm32cubeide/plugins/com.st.stm32cube.ide.mcu.externaltools.gnu-tools-for-stm32.7-2018-q2-update.win32_1.5.0.202011040924/tools/bin/../lib/gcc/arm-none-eabi/7.3.1/../../../../arm-none-eabi/lib/thumb/v7e-m/fpv4-sp/hard\libc_nano.a
LOAD c:/st/stm32cubeide_1.4.0/stm32cubeide/plugins/com.st.stm32cube.ide.mcu.externaltools.gnu-tools-for-stm32.7-2018-q2-update.win32_1.5.0.202011040924/tools/bin/../lib/gcc/arm-none-eabi/7.3.1/../../../../arm-none-eabi/lib/thumb/v7e-m/fpv4-sp/hard\libm.a
END GROUP
START GROUP
LOAD c:/st/stm32cubeide_1.4.0/stm32cubeide/plugins/com.st.stm32cube.ide.mcu.externaltools.gnu-tools-for-stm32.7-2018-q2-update.win32_1.5.0.202011040924/tools/bin/../lib/gcc/arm-none-eabi/7.3.1/thumb/v7e-m/fpv4-sp/hard\libgcc.a
LOAD c:/st/stm32cubeide_1.4.0/stm32cubeide/plugins/com.st.stm32cube.ide.mcu.externaltools.gnu-tools-for-stm32.7-2018-q2-update.win32_1.5.0.202011040924/tools/bin/../lib/gcc/arm-none-eabi/7.3.1/../../../../arm-none-eabi/lib/thumb/v7e-m/fpv4-sp/hard\libc_nano.a
END GROUP
START GROUP
LOAD c:/st/stm32cubeide_1.4.0/stm32cubeide/plugins/com.st.stm32cube.ide.mcu.externaltools.gnu-tools-for-stm32.7-2018-q2-update.win32_1.5.0.202011040924/tools/bin/../lib/gcc/arm-none-eabi/7.3.1/thumb/v7e-m/fpv4-sp/hard\libgcc.a
LOAD c:/st/stm32cubeide_1.4.0/stm32cubeide/plugins/com.st.stm32cube.ide.mcu.externaltools.gnu-tools-for-stm32.7-2018-q2-update.win32_1.5.0.202011040924/tools/bin/../lib/gcc/arm-none-eabi/7.3.1/../../../../arm-none-eabi/lib/thumb/v7e-m/fpv4-sp/hard\libc_nano.a
LOAD c:/st/stm32cubeide_1.4.0/stm32cubeide/plugins/com.st.stm32cube.ide.mcu.externaltools.gnu-tools-for-stm32.7-2018-q2-update.win32_1.5.0.202011040924/tools/bin/../lib/gcc/arm-none-eabi/7.3.1/../../../../arm-none-eabi/lib/thumb/v7e-m/fpv4-sp/hard\libnosys.a
END GROUP
START GROUP
LOAD c:/st/stm32cubeide_1.4.0/stm32cubeide/plugins/com.st.stm32cube.ide.mcu.externaltools.gnu-tools-for-stm32.7-2018-q2-update.win32_1.5.0.202011040924/tools/bin/../lib/gcc/arm-none-eabi/7.3.1/thumb/v7e-m/fpv4-sp/hard\libgcc.a
LOAD c:/st/stm32cubeide_1.4.0/stm32cubeide/plugins/com.st.stm32cube.ide.mcu.externaltools.gnu-tools-for-stm32.7-2018-q2-update.win32_1.5.0.202011040924/tools/bin/../lib/gcc/arm-none-eabi/7.3.1/../../../../arm-none-eabi/lib/thumb/v7e-m/fpv4-sp/hard\libc_nano.a
LOAD c:/st/stm32cubeide_1.4.0/stm32cubeide/plugins/com.st.stm32cube.ide.mcu.externaltools.gnu-tools-for-stm32.7-2018-q2-update.win32_1.5.0.202011040924/tools/bin/../lib/gcc/arm-none-eabi/7.3.1/../../../../arm-none-eabi/lib/thumb/v7e-m/fpv4-sp/hard\libnosys.a
END GROUP
LOAD c:/st/stm32cubeide_1.4.0/stm32cubeide/plugins/com.st.stm32cube.ide.mcu.externaltools.gnu-tools-for-stm32.7-2018-q2-update.win32_1.5.0.202011040924/tools/bin/../lib/gcc/arm-none-eabi/7.3.1/thumb/v7e-m/fpv4-sp/hard/crtend.o
LOAD c:/st/stm32cubeide_1.4.0/stm32cubeide/plugins/com.st.stm32cube.ide.mcu.externaltools.gnu-tools-for-stm32.7-2018-q2-update.win32_1.5.0.202011040924/tools/bin/../lib/gcc/arm-none-eabi/7.3.1/thumb/v7e-m/fpv4-sp/hard/crtn.o
                0x0000000020050000                _estack = (ORIGIN (RAM) + LENGTH (RAM))
                0x0000000000002000                _Min_Heap_Size = 0x2000
                0x0000000000004000                _Min_Stack_Size = 0x4000

.isr_vector     0x0000000008000000      0x1c8
                0x0000000008000000                . = ALIGN (0x4)
 *(.isr_vector)
 .isr_vector    0x0000000008000000      0x1c8 Core/Startup/startup_stm32f746nghx.o
                0x0000000008000000                g_pfnVectors
                0x00000000080001c8                . = ALIGN (0x4)

.text           0x00000000080001d0     0x71b0
                0x00000000080001d0                . = ALIGN (0x4)
 *(.text)
 .text          0x00000000080001d0       0x40 c:/st/stm32cubeide_1.4.0/stm32cubeide/plugins/com.st.stm32cube.ide.mcu.externaltools.gnu-tools-for-stm32.7-2018-q2-update.win32_1.5.0.202011040924/tools/bin/../lib/gcc/arm-none-eabi/7.3.1/thumb/v7e-m/fpv4-sp/hard/crtbegin.o
 .text          0x0000000008000210       0x94 Middlewares/Third_Party/SEGGER/SEGGER/SEGGER_RTT_ASM_ARMv7M.o
                0x0000000008000210                SEGGER_RTT_ASM_WriteSkipNoLock
 .text          0x00000000080002a4       0x30 c:/st/stm32cubeide_1.4.0/stm32cubeide/plugins/com.st.stm32cube.ide.mcu.externaltools.gnu-tools-for-stm32.7-2018-q2-update.win32_1.5.0.202011040924/tools/bin/../lib/gcc/arm-none-eabi/7.3.1/thumb/v7e-m/fpv4-sp/hard\libgcc.a(_aeabi_uldivmod.o)
                0x00000000080002a4                __aeabi_uldivmod
 .text          0x00000000080002d4      0x2cc c:/st/stm32cubeide_1.4.0/stm32cubeide/plugins/com.st.stm32cube.ide.mcu.externaltools.gnu-tools-for-stm32.7-2018-q2-update.win32_1.5.0.202011040924/tools/bin/../lib/gcc/arm-none-eabi/7.3.1/thumb/v7e-m/fpv4-sp/hard\libgcc.a(_udivmoddi4.o)
                0x00000000080002d4                __udivmoddi4
 .text          0x00000000080005a0        0x4 c:/st/stm32cubeide_1.4.0/stm32cubeide/plugins/com.st.stm32cube.ide.mcu.externaltools.gnu-tools-for-stm32.7-2018-q2-update.win32_1.5.0.202011040924/tools/bin/../lib/gcc/arm-none-eabi/7.3.1/thumb/v7e-m/fpv4-sp/hard\libgcc.a(_dvmd_tls.o)
                0x00000000080005a0                __aeabi_idiv0
                0x00000000080005a0                __aeabi_ldiv0
 *(.text*)
 .text.vApplicationGetIdleTaskMemory
                0x00000000080005a4       0x34 Core/Src/freertos.o
                0x00000000080005a4                vApplicationGetIdleTaskMemory
 .text.MX_FREERTOS_Init
                0x00000000080005d8       0xa0 Core/Src/freertos.o
                0x00000000080005d8                MX_FREERTOS_Init
 .text.StartTask01
                0x0000000008000678       0x5c Core/Src/freertos.o
                0x0000000008000678                StartTask01
 .text.StartTask02
                0x00000000080006d4       0x40 Core/Src/freertos.o
                0x00000000080006d4                StartTask02
 .text.MX_GPIO_Init
                0x0000000008000714       0xac Core/Src/gpio.o
                0x0000000008000714                MX_GPIO_Init
 .text.main     0x00000000080007c0       0x3c Core/Src/main.o
                0x00000000080007c0                main
 .text.SystemClock_Config
                0x00000000080007fc      0x120 Core/Src/main.o
                0x00000000080007fc                SystemClock_Config
 .text.HAL_TIM_PeriodElapsedCallback
                0x000000000800091c       0x24 Core/Src/main.o
                0x000000000800091c                HAL_TIM_PeriodElapsedCallback
 .text.Error_Handler
                0x0000000008000940        0x8 Core/Src/main.o
                0x0000000008000940                Error_Handler
 .text.HAL_MspInit
                0x0000000008000948       0x50 Core/Src/stm32f7xx_hal_msp.o
                0x0000000008000948                HAL_MspInit
 .text.HAL_InitTick
                0x0000000008000998       0xb0 Core/Src/stm32f7xx_hal_timebase_tim.o
                0x0000000008000998                HAL_InitTick
 .text.NMI_Handler
                0x0000000008000a48        0x6 Core/Src/stm32f7xx_it.o
                0x0000000008000a48                NMI_Handler
 .text.HardFault_Handler
                0x0000000008000a4e        0x6 Core/Src/stm32f7xx_it.o
                0x0000000008000a4e                HardFault_Handler
 .text.MemManage_Handler
                0x0000000008000a54        0x6 Core/Src/stm32f7xx_it.o
                0x0000000008000a54                MemManage_Handler
 .text.BusFault_Handler
                0x0000000008000a5a        0x6 Core/Src/stm32f7xx_it.o
                0x0000000008000a5a                BusFault_Handler
 .text.UsageFault_Handler
                0x0000000008000a60        0x6 Core/Src/stm32f7xx_it.o
                0x0000000008000a60                UsageFault_Handler
 .text.DebugMon_Handler
                0x0000000008000a66        0xe Core/Src/stm32f7xx_it.o
                0x0000000008000a66                DebugMon_Handler
 .text.TIM1_UP_TIM10_IRQHandler
                0x0000000008000a74       0x14 Core/Src/stm32f7xx_it.o
                0x0000000008000a74                TIM1_UP_TIM10_IRQHandler
 .text.SystemInit
                0x0000000008000a88       0x2c Core/Src/system_stm32f7xx.o
                0x0000000008000a88                SystemInit
 .text.MX_USART1_UART_Init
                0x0000000008000ab4       0x60 Core/Src/usart.o
                0x0000000008000ab4                MX_USART1_UART_Init
 .text.HAL_UART_MspInit
                0x0000000008000b14       0x88 Core/Src/usart.o
                0x0000000008000b14                HAL_UART_MspInit
 .text.Reset_Handler
                0x0000000008000b9c       0x50 Core/Startup/startup_stm32f746nghx.o
                0x0000000008000b9c                Reset_Handler
 .text.Default_Handler
                0x0000000008000bec        0x2 Core/Startup/startup_stm32f746nghx.o
                0x0000000008000bec                RTC_Alarm_IRQHandler
                0x0000000008000bec                EXTI2_IRQHandler
                0x0000000008000bec                TIM8_CC_IRQHandler
                0x0000000008000bec                UART8_IRQHandler
                0x0000000008000bec                SPI4_IRQHandler
                0x0000000008000bec                TIM1_CC_IRQHandler
                0x0000000008000bec                DMA2_Stream5_IRQHandler
                0x0000000008000bec                DMA1_Stream5_IRQHandler
                0x0000000008000bec                PVD_IRQHandler
                0x0000000008000bec                TAMP_STAMP_IRQHandler
                0x0000000008000bec                CAN2_RX1_IRQHandler
                0x0000000008000bec                EXTI3_IRQHandler
                0x0000000008000bec                TIM8_TRG_COM_TIM14_IRQHandler
                0x0000000008000bec                TIM8_UP_TIM13_IRQHandler
                0x0000000008000bec                I2C3_ER_IRQHandler
                0x0000000008000bec                EXTI0_IRQHandler
                0x0000000008000bec                I2C2_EV_IRQHandler
                0x0000000008000bec                DMA1_Stream2_IRQHandler
                0x0000000008000bec                CAN1_RX0_IRQHandler
                0x0000000008000bec                FPU_IRQHandler
                0x0000000008000bec                OTG_HS_WKUP_IRQHandler
                0x0000000008000bec                LTDC_ER_IRQHandler
                0x0000000008000bec                CAN2_SCE_IRQHandler
                0x0000000008000bec                DMA2_Stream2_IRQHandler
                0x0000000008000bec                SPI1_IRQHandler
                0x0000000008000bec                TIM6_DAC_IRQHandler
                0x0000000008000bec                TIM1_BRK_TIM9_IRQHandler
                0x0000000008000bec                DCMI_IRQHandler
                0x0000000008000bec                CAN2_RX0_IRQHandler
                0x0000000008000bec                DMA2_Stream3_IRQHandler
                0x0000000008000bec                SAI2_IRQHandler
                0x0000000008000bec                USART6_IRQHandler
                0x0000000008000bec                USART3_IRQHandler
                0x0000000008000bec                CAN1_RX1_IRQHandler
                0x0000000008000bec                UART5_IRQHandler
                0x0000000008000bec                DMA2_Stream0_IRQHandler
                0x0000000008000bec                TIM4_IRQHandler
                0x0000000008000bec                QUADSPI_IRQHandler
                0x0000000008000bec                I2C1_EV_IRQHandler
                0x0000000008000bec                DMA1_Stream6_IRQHandler
                0x0000000008000bec                DMA1_Stream1_IRQHandler
                0x0000000008000bec                UART4_IRQHandler
                0x0000000008000bec                TIM3_IRQHandler
                0x0000000008000bec                RCC_IRQHandler
                0x0000000008000bec                TIM8_BRK_TIM12_IRQHandler
                0x0000000008000bec                Default_Handler
                0x0000000008000bec                CEC_IRQHandler
                0x0000000008000bec                EXTI15_10_IRQHandler
                0x0000000008000bec                ADC_IRQHandler
                0x0000000008000bec                DMA1_Stream7_IRQHandler
                0x0000000008000bec                SPI5_IRQHandler
                0x0000000008000bec                TIM7_IRQHandler
                0x0000000008000bec                SDMMC1_IRQHandler
                0x0000000008000bec                CAN2_TX_IRQHandler
                0x0000000008000bec                TIM5_IRQHandler
                0x0000000008000bec                DMA2_Stream7_IRQHandler
                0x0000000008000bec                I2C3_EV_IRQHandler
                0x0000000008000bec                EXTI9_5_IRQHandler
                0x0000000008000bec                RTC_WKUP_IRQHandler
                0x0000000008000bec                LTDC_IRQHandler
                0x0000000008000bec                ETH_WKUP_IRQHandler
                0x0000000008000bec                SPDIF_RX_IRQHandler
                0x0000000008000bec                SPI2_IRQHandler
                0x0000000008000bec                OTG_HS_EP1_IN_IRQHandler
                0x0000000008000bec                DMA1_Stream0_IRQHandler
                0x0000000008000bec                CAN1_TX_IRQHandler
                0x0000000008000bec                EXTI4_IRQHandler
                0x0000000008000bec                RNG_IRQHandler
                0x0000000008000bec                ETH_IRQHandler
                0x0000000008000bec                OTG_HS_EP1_OUT_IRQHandler
                0x0000000008000bec                WWDG_IRQHandler
                0x0000000008000bec                SPI6_IRQHandler
                0x0000000008000bec                I2C4_EV_IRQHandler
                0x0000000008000bec                TIM2_IRQHandler
                0x0000000008000bec                OTG_FS_WKUP_IRQHandler
                0x0000000008000bec                TIM1_TRG_COM_TIM11_IRQHandler
                0x0000000008000bec                OTG_HS_IRQHandler
                0x0000000008000bec                DMA2D_IRQHandler
                0x0000000008000bec                EXTI1_IRQHandler
                0x0000000008000bec                UART7_IRQHandler
                0x0000000008000bec                USART2_IRQHandler
                0x0000000008000bec                I2C2_ER_IRQHandler
                0x0000000008000bec                DMA2_Stream1_IRQHandler
                0x0000000008000bec                CAN1_SCE_IRQHandler
                0x0000000008000bec                FLASH_IRQHandler
                0x0000000008000bec                DMA2_Stream4_IRQHandler
                0x0000000008000bec                USART1_IRQHandler
                0x0000000008000bec                OTG_FS_IRQHandler
                0x0000000008000bec                SPI3_IRQHandler
                0x0000000008000bec                DMA1_Stream4_IRQHandler
                0x0000000008000bec                I2C1_ER_IRQHandler
                0x0000000008000bec                FMC_IRQHandler
                0x0000000008000bec                LPTIM1_IRQHandler
                0x0000000008000bec                I2C4_ER_IRQHandler
                0x0000000008000bec                DMA2_Stream6_IRQHandler
                0x0000000008000bec                SAI1_IRQHandler
                0x0000000008000bec                DMA1_Stream3_IRQHandler
 .text.HAL_Init
                0x0000000008000bee       0x1a Drivers/STM32F7xx_HAL_Driver/Src/stm32f7xx_hal.o
                0x0000000008000bee                HAL_Init
 .text.HAL_IncTick
                0x0000000008000c08       0x28 Drivers/STM32F7xx_HAL_Driver/Src/stm32f7xx_hal.o
                0x0000000008000c08                HAL_IncTick
 .text.HAL_GetTick
                0x0000000008000c30       0x18 Drivers/STM32F7xx_HAL_Driver/Src/stm32f7xx_hal.o
                0x0000000008000c30                HAL_GetTick
 .text.__NVIC_SetPriorityGrouping
                0x0000000008000c48       0x48 Drivers/STM32F7xx_HAL_Driver/Src/stm32f7xx_hal_cortex.o
 .text.__NVIC_GetPriorityGrouping
                0x0000000008000c90       0x1c Drivers/STM32F7xx_HAL_Driver/Src/stm32f7xx_hal_cortex.o
 .text.__NVIC_EnableIRQ
                0x0000000008000cac       0x3c Drivers/STM32F7xx_HAL_Driver/Src/stm32f7xx_hal_cortex.o
 .text.__NVIC_SetPriority
                0x0000000008000ce8       0x54 Drivers/STM32F7xx_HAL_Driver/Src/stm32f7xx_hal_cortex.o
 .text.NVIC_EncodePriority
                0x0000000008000d3c       0x66 Drivers/STM32F7xx_HAL_Driver/Src/stm32f7xx_hal_cortex.o
 .text.HAL_NVIC_SetPriorityGrouping
                0x0000000008000da2       0x16 Drivers/STM32F7xx_HAL_Driver/Src/stm32f7xx_hal_cortex.o
                0x0000000008000da2                HAL_NVIC_SetPriorityGrouping
 .text.HAL_NVIC_SetPriority
                0x0000000008000db8       0x38 Drivers/STM32F7xx_HAL_Driver/Src/stm32f7xx_hal_cortex.o
                0x0000000008000db8                HAL_NVIC_SetPriority
 .text.HAL_NVIC_EnableIRQ
                0x0000000008000df0       0x1c Drivers/STM32F7xx_HAL_Driver/Src/stm32f7xx_hal_cortex.o
                0x0000000008000df0                HAL_NVIC_EnableIRQ
 .text.HAL_GPIO_Init
                0x0000000008000e0c      0x354 Drivers/STM32F7xx_HAL_Driver/Src/stm32f7xx_hal_gpio.o
                0x0000000008000e0c                HAL_GPIO_Init
 .text.HAL_GPIO_WritePin
                0x0000000008001160       0x32 Drivers/STM32F7xx_HAL_Driver/Src/stm32f7xx_hal_gpio.o
                0x0000000008001160                HAL_GPIO_WritePin
 .text.HAL_GPIO_TogglePin
                0x0000000008001192       0x34 Drivers/STM32F7xx_HAL_Driver/Src/stm32f7xx_hal_gpio.o
                0x0000000008001192                HAL_GPIO_TogglePin
 *fill*         0x00000000080011c6        0x2 
 .text.HAL_PWREx_EnableOverDrive
                0x00000000080011c8       0xa0 Drivers/STM32F7xx_HAL_Driver/Src/stm32f7xx_hal_pwr_ex.o
                0x00000000080011c8                HAL_PWREx_EnableOverDrive
 .text.HAL_RCC_OscConfig
                0x0000000008001268      0x548 Drivers/STM32F7xx_HAL_Driver/Src/stm32f7xx_hal_rcc.o
                0x0000000008001268                HAL_RCC_OscConfig
 .text.HAL_RCC_ClockConfig
                0x00000000080017b0      0x1d8 Drivers/STM32F7xx_HAL_Driver/Src/stm32f7xx_hal_rcc.o
                0x00000000080017b0                HAL_RCC_ClockConfig
 .text.HAL_RCC_GetSysClockFreq
                0x0000000008001988      0x164 Drivers/STM32F7xx_HAL_Driver/Src/stm32f7xx_hal_rcc.o
                0x0000000008001988                HAL_RCC_GetSysClockFreq
 .text.HAL_RCC_GetHCLKFreq
                0x0000000008001aec       0x18 Drivers/STM32F7xx_HAL_Driver/Src/stm32f7xx_hal_rcc.o
                0x0000000008001aec                HAL_RCC_GetHCLKFreq
 .text.HAL_RCC_GetPCLK1Freq
                0x0000000008001b04       0x28 Drivers/STM32F7xx_HAL_Driver/Src/stm32f7xx_hal_rcc.o
                0x0000000008001b04                HAL_RCC_GetPCLK1Freq
 .text.HAL_RCC_GetPCLK2Freq
                0x0000000008001b2c       0x28 Drivers/STM32F7xx_HAL_Driver/Src/stm32f7xx_hal_rcc.o
                0x0000000008001b2c                HAL_RCC_GetPCLK2Freq
 .text.HAL_RCC_GetClockConfig
                0x0000000008001b54       0x64 Drivers/STM32F7xx_HAL_Driver/Src/stm32f7xx_hal_rcc.o
                0x0000000008001b54                HAL_RCC_GetClockConfig
 .text.HAL_RCCEx_PeriphCLKConfig
                0x0000000008001bb8      0x7dc Drivers/STM32F7xx_HAL_Driver/Src/stm32f7xx_hal_rcc_ex.o
                0x0000000008001bb8                HAL_RCCEx_PeriphCLKConfig
 .text.HAL_TIM_Base_Init
                0x0000000008002394       0x56 Drivers/STM32F7xx_HAL_Driver/Src/stm32f7xx_hal_tim.o
                0x0000000008002394                HAL_TIM_Base_Init
 .text.HAL_TIM_Base_MspInit
                0x00000000080023ea       0x14 Drivers/STM32F7xx_HAL_Driver/Src/stm32f7xx_hal_tim.o
                0x00000000080023ea                HAL_TIM_Base_MspInit
 *fill*         0x00000000080023fe        0x2 
 .text.HAL_TIM_Base_Start_IT
                0x0000000008002400       0x54 Drivers/STM32F7xx_HAL_Driver/Src/stm32f7xx_hal_tim.o
                0x0000000008002400                HAL_TIM_Base_Start_IT
 .text.HAL_TIM_IRQHandler
                0x0000000008002454      0x23e Drivers/STM32F7xx_HAL_Driver/Src/stm32f7xx_hal_tim.o
                0x0000000008002454                HAL_TIM_IRQHandler
 .text.HAL_TIM_OC_DelayElapsedCallback
                0x0000000008002692       0x14 Drivers/STM32F7xx_HAL_Driver/Src/stm32f7xx_hal_tim.o
                0x0000000008002692                HAL_TIM_OC_DelayElapsedCallback
 .text.HAL_TIM_IC_CaptureCallback
                0x00000000080026a6       0x14 Drivers/STM32F7xx_HAL_Driver/Src/stm32f7xx_hal_tim.o
                0x00000000080026a6                HAL_TIM_IC_CaptureCallback
 .text.HAL_TIM_PWM_PulseFinishedCallback
                0x00000000080026ba       0x14 Drivers/STM32F7xx_HAL_Driver/Src/stm32f7xx_hal_tim.o
                0x00000000080026ba                HAL_TIM_PWM_PulseFinishedCallback
 .text.HAL_TIM_TriggerCallback
                0x00000000080026ce       0x14 Drivers/STM32F7xx_HAL_Driver/Src/stm32f7xx_hal_tim.o
                0x00000000080026ce                HAL_TIM_TriggerCallback
 *fill*         0x00000000080026e2        0x2 
 .text.TIM_Base_SetConfig
                0x00000000080026e4      0x140 Drivers/STM32F7xx_HAL_Driver/Src/stm32f7xx_hal_tim.o
                0x00000000080026e4                TIM_Base_SetConfig
 .text.HAL_TIMEx_CommutCallback
                0x0000000008002824       0x14 Drivers/STM32F7xx_HAL_Driver/Src/stm32f7xx_hal_tim_ex.o
                0x0000000008002824                HAL_TIMEx_CommutCallback
 .text.HAL_TIMEx_BreakCallback
                0x0000000008002838       0x14 Drivers/STM32F7xx_HAL_Driver/Src/stm32f7xx_hal_tim_ex.o
                0x0000000008002838                HAL_TIMEx_BreakCallback
 .text.HAL_TIMEx_Break2Callback
                0x000000000800284c       0x14 Drivers/STM32F7xx_HAL_Driver/Src/stm32f7xx_hal_tim_ex.o
                0x000000000800284c                HAL_TIMEx_Break2Callback
 .text.HAL_UART_Init
                0x0000000008002860       0x9c Drivers/STM32F7xx_HAL_Driver/Src/stm32f7xx_hal_uart.o
                0x0000000008002860                HAL_UART_Init
 .text.UART_SetConfig
                0x00000000080028fc      0x554 Drivers/STM32F7xx_HAL_Driver/Src/stm32f7xx_hal_uart.o
                0x00000000080028fc                UART_SetConfig
 .text.UART_AdvFeatureConfig
                0x0000000008002e50      0x144 Drivers/STM32F7xx_HAL_Driver/Src/stm32f7xx_hal_uart.o
                0x0000000008002e50                UART_AdvFeatureConfig
 .text.UART_CheckIdleState
                0x0000000008002f94       0x5e Drivers/STM32F7xx_HAL_Driver/Src/stm32f7xx_hal_uart.o
                0x0000000008002f94                UART_CheckIdleState
 .text.UART_WaitOnFlagUntilTimeout
                0x0000000008002ff2       0xf6 Drivers/STM32F7xx_HAL_Driver/Src/stm32f7xx_hal_uart.o
                0x0000000008002ff2                UART_WaitOnFlagUntilTimeout
 .text.makeFreeRtosPriority
                0x00000000080030e8       0x30 Middlewares/Third_Party/FreeRTOS/org/Source/CMSIS_RTOS/cmsis_os.o
 .text.osKernelStart
                0x0000000008003118        0xe Middlewares/Third_Party/FreeRTOS/org/Source/CMSIS_RTOS/cmsis_os.o
                0x0000000008003118                osKernelStart
 .text.osThreadCreate
                0x0000000008003126       0x98 Middlewares/Third_Party/FreeRTOS/org/Source/CMSIS_RTOS/cmsis_os.o
                0x0000000008003126                osThreadCreate
 *fill*         0x00000000080031be        0x2 
 .text.osThreadYield
                0x00000000080031c0       0x24 Middlewares/Third_Party/FreeRTOS/org/Source/CMSIS_RTOS/cmsis_os.o
                0x00000000080031c0                osThreadYield
 .text.osDelay  0x00000000080031e4       0x28 Middlewares/Third_Party/FreeRTOS/org/Source/CMSIS_RTOS/cmsis_os.o
                0x00000000080031e4                osDelay
 .text.osMutexCreate
                0x000000000800320c       0x30 Middlewares/Third_Party/FreeRTOS/org/Source/CMSIS_RTOS/cmsis_os.o
                0x000000000800320c                osMutexCreate
 .text.osSemaphoreCreate
                0x000000000800323c       0x66 Middlewares/Third_Party/FreeRTOS/org/Source/CMSIS_RTOS/cmsis_os.o
                0x000000000800323c                osSemaphoreCreate
 .text.vListInitialise
                0x00000000080032a2       0x40 Middlewares/Third_Party/FreeRTOS/org/Source/list.o
                0x00000000080032a2                vListInitialise
 .text.vListInitialiseItem
                0x00000000080032e2       0x1a Middlewares/Third_Party/FreeRTOS/org/Source/list.o
                0x00000000080032e2                vListInitialiseItem
 .text.vListInsertEnd
                0x00000000080032fc       0x48 Middlewares/Third_Party/FreeRTOS/org/Source/list.o
                0x00000000080032fc                vListInsertEnd
 .text.vListInsert
                0x0000000008003344       0x72 Middlewares/Third_Party/FreeRTOS/org/Source/list.o
                0x0000000008003344                vListInsert
 .text.uxListRemove
                0x00000000080033b6       0x54 Middlewares/Third_Party/FreeRTOS/org/Source/list.o
                0x00000000080033b6                uxListRemove
 *fill*         0x000000000800340a        0x2 
 .text.xQueueGenericReset
                0x000000000800340c       0xd4 Middlewares/Third_Party/FreeRTOS/org/Source/queue.o
                0x000000000800340c                xQueueGenericReset
 .text.xQueueGenericCreateStatic
                0x00000000080034e0       0xfa Middlewares/Third_Party/FreeRTOS/org/Source/queue.o
                0x00000000080034e0                xQueueGenericCreateStatic
 .text.xQueueGenericCreate
                0x00000000080035da       0x82 Middlewares/Third_Party/FreeRTOS/org/Source/queue.o
                0x00000000080035da                xQueueGenericCreate
 .text.prvInitialiseNewQueue
                0x000000000800365c       0x4a Middlewares/Third_Party/FreeRTOS/org/Source/queue.o
 .text.prvInitialiseMutex
                0x00000000080036a6       0x34 Middlewares/Third_Party/FreeRTOS/org/Source/queue.o
 .text.xQueueCreateMutex
                0x00000000080036da       0x30 Middlewares/Third_Party/FreeRTOS/org/Source/queue.o
                0x00000000080036da                xQueueCreateMutex
 .text.xQueueCreateMutexStatic
                0x000000000800370a       0x36 Middlewares/Third_Party/FreeRTOS/org/Source/queue.o
                0x000000000800370a                xQueueCreateMutexStatic
 .text.xQueueGenericSend
                0x0000000008003740      0x254 Middlewares/Third_Party/FreeRTOS/org/Source/queue.o
                0x0000000008003740                xQueueGenericSend
 .text.xQueueSemaphoreTake
                0x0000000008003994      0x28c Middlewares/Third_Party/FreeRTOS/org/Source/queue.o
                0x0000000008003994                xQueueSemaphoreTake
 .text.prvGetDisinheritPriorityAfterTimeout
                0x0000000008003c20       0x30 Middlewares/Third_Party/FreeRTOS/org/Source/queue.o
 .text.prvCopyDataToQueue
                0x0000000008003c50       0xd4 Middlewares/Third_Party/FreeRTOS/org/Source/queue.o
 .text.prvUnlockQueue
                0x0000000008003d24       0xa4 Middlewares/Third_Party/FreeRTOS/org/Source/queue.o
 .text.prvIsQueueEmpty
                0x0000000008003dc8       0x2c Middlewares/Third_Party/FreeRTOS/org/Source/queue.o
 .text.prvIsQueueFull
                0x0000000008003df4       0x30 Middlewares/Third_Party/FreeRTOS/org/Source/queue.o
 .text.xTaskCreateStatic
                0x0000000008003e24       0xc0 Middlewares/Third_Party/FreeRTOS/org/Source/tasks.o
                0x0000000008003e24                xTaskCreateStatic
 .text.xTaskCreate
                0x0000000008003ee4       0x8a Middlewares/Third_Party/FreeRTOS/org/Source/tasks.o
                0x0000000008003ee4                xTaskCreate
 .text.prvInitialiseNewTask
                0x0000000008003f6e      0x110 Middlewares/Third_Party/FreeRTOS/org/Source/tasks.o
 *fill*         0x000000000800407e        0x2 
 .text.prvAddNewTaskToReadyList
                0x0000000008004080      0x110 Middlewares/Third_Party/FreeRTOS/org/Source/tasks.o
 .text.vTaskDelay
                0x0000000008004190       0x74 Middlewares/Third_Party/FreeRTOS/org/Source/tasks.o
                0x0000000008004190                vTaskDelay
 .text.vTaskStartScheduler
                0x0000000008004204       0xf0 Middlewares/Third_Party/FreeRTOS/org/Source/tasks.o
                0x0000000008004204                vTaskStartScheduler
 .text.vTaskSuspendAll
                0x00000000080042f4       0x1c Middlewares/Third_Party/FreeRTOS/org/Source/tasks.o
                0x00000000080042f4                vTaskSuspendAll
 .text.xTaskResumeAll
                0x0000000008004310      0x144 Middlewares/Third_Party/FreeRTOS/org/Source/tasks.o
                0x0000000008004310                xTaskResumeAll
 .text.xTaskGetTickCountFromISR
                0x0000000008004454       0x24 Middlewares/Third_Party/FreeRTOS/org/Source/tasks.o
                0x0000000008004454                xTaskGetTickCountFromISR
 .text.xTaskIncrementTick
                0x0000000008004478      0x17c Middlewares/Third_Party/FreeRTOS/org/Source/tasks.o
                0x0000000008004478                xTaskIncrementTick
 .text.vTaskSwitchContext
                0x00000000080045f4       0xe0 Middlewares/Third_Party/FreeRTOS/org/Source/tasks.o
                0x00000000080045f4                vTaskSwitchContext
 .text.vTaskPlaceOnEventList
                0x00000000080046d4       0x4c Middlewares/Third_Party/FreeRTOS/org/Source/tasks.o
                0x00000000080046d4                vTaskPlaceOnEventList
 .text.xTaskRemoveFromEventList
                0x0000000008004720       0xd0 Middlewares/Third_Party/FreeRTOS/org/Source/tasks.o
                0x0000000008004720                xTaskRemoveFromEventList
 .text.vTaskInternalSetTimeOutState
                0x00000000080047f0       0x2c Middlewares/Third_Party/FreeRTOS/org/Source/tasks.o
                0x00000000080047f0                vTaskInternalSetTimeOutState
 .text.xTaskCheckForTimeOut
                0x000000000800481c       0xc8 Middlewares/Third_Party/FreeRTOS/org/Source/tasks.o
                0x000000000800481c                xTaskCheckForTimeOut
 .text.vTaskMissedYield
                0x00000000080048e4       0x18 Middlewares/Third_Party/FreeRTOS/org/Source/tasks.o
                0x00000000080048e4                vTaskMissedYield
 .text.prvIdleTask
                0x00000000080048fc       0x30 Middlewares/Third_Party/FreeRTOS/org/Source/tasks.o
 .text.prvInitialiseTaskLists
                0x000000000800492c       0x80 Middlewares/Third_Party/FreeRTOS/org/Source/tasks.o
 .text.prvCheckTasksWaitingTermination
                0x00000000080049ac       0x58 Middlewares/Third_Party/FreeRTOS/org/Source/tasks.o
 .text.prvDeleteTCB
                0x0000000008004a04       0x60 Middlewares/Third_Party/FreeRTOS/org/Source/tasks.o
 .text.prvResetNextTaskUnblockTime
                0x0000000008004a64       0x40 Middlewares/Third_Party/FreeRTOS/org/Source/tasks.o
 .text.xTaskGetSchedulerState
                0x0000000008004aa4       0x3c Middlewares/Third_Party/FreeRTOS/org/Source/tasks.o
                0x0000000008004aa4                xTaskGetSchedulerState
 .text.xTaskPriorityInherit
                0x0000000008004ae0      0x10c Middlewares/Third_Party/FreeRTOS/org/Source/tasks.o
                0x0000000008004ae0                xTaskPriorityInherit
 .text.xTaskPriorityDisinherit
                0x0000000008004bec      0x118 Middlewares/Third_Party/FreeRTOS/org/Source/tasks.o
                0x0000000008004bec                xTaskPriorityDisinherit
 .text.vTaskPriorityDisinheritAfterTimeout
                0x0000000008004d04      0x14c Middlewares/Third_Party/FreeRTOS/org/Source/tasks.o
                0x0000000008004d04                vTaskPriorityDisinheritAfterTimeout
 .text.pvTaskIncrementMutexHeldCount
                0x0000000008004e50       0x28 Middlewares/Third_Party/FreeRTOS/org/Source/tasks.o
                0x0000000008004e50                pvTaskIncrementMutexHeldCount
 .text.prvAddCurrentTaskToDelayedList
                0x0000000008004e78       0xf0 Middlewares/Third_Party/FreeRTOS/org/Source/tasks.o
 .text.pxPortInitialiseStack
                0x0000000008004f68       0x68 Middlewares/Third_Party/FreeRTOS/org/Source/portable/GCC/ARM_CM7/r0p1/port.o
                0x0000000008004f68                pxPortInitialiseStack
 .text.prvTaskExitError
                0x0000000008004fd0       0x5c Middlewares/Third_Party/FreeRTOS/org/Source/portable/GCC/ARM_CM7/r0p1/port.o
 *fill*         0x000000000800502c        0x4 
 .text.SVC_Handler
                0x0000000008005030       0x28 Middlewares/Third_Party/FreeRTOS/org/Source/portable/GCC/ARM_CM7/r0p1/port.o
                0x0000000008005030                SVC_Handler
 .text.prvPortStartFirstTask
                0x0000000008005058       0x28 Middlewares/Third_Party/FreeRTOS/org/Source/portable/GCC/ARM_CM7/r0p1/port.o
 .text.xPortStartScheduler
                0x0000000008005080       0xf8 Middlewares/Third_Party/FreeRTOS/org/Source/portable/GCC/ARM_CM7/r0p1/port.o
                0x0000000008005080                xPortStartScheduler
 .text.vPortEnterCritical
                0x0000000008005178       0x64 Middlewares/Third_Party/FreeRTOS/org/Source/portable/GCC/ARM_CM7/r0p1/port.o
                0x0000000008005178                vPortEnterCritical
 .text.vPortExitCritical
                0x00000000080051dc       0x54 Middlewares/Third_Party/FreeRTOS/org/Source/portable/GCC/ARM_CM7/r0p1/port.o
                0x00000000080051dc                vPortExitCritical
 .text.PendSV_Handler
                0x0000000008005230       0x68 Middlewares/Third_Party/FreeRTOS/org/Source/portable/GCC/ARM_CM7/r0p1/port.o
                0x0000000008005230                PendSV_Handler
 .text.SysTick_Handler
                0x0000000008005298       0x44 Middlewares/Third_Party/FreeRTOS/org/Source/portable/GCC/ARM_CM7/r0p1/port.o
                0x0000000008005298                SysTick_Handler
 .text.vPortSetupTimerInterrupt
                0x00000000080052dc       0x48 Middlewares/Third_Party/FreeRTOS/org/Source/portable/GCC/ARM_CM7/r0p1/port.o
                0x00000000080052dc                vPortSetupTimerInterrupt
 .text.vPortEnableVFP
                0x0000000008005324       0x14 Middlewares/Third_Party/FreeRTOS/org/Source/portable/GCC/ARM_CM7/r0p1/port.o
 .text.vPortValidateInterruptPriority
                0x0000000008005338       0x84 Middlewares/Third_Party/FreeRTOS/org/Source/portable/GCC/ARM_CM7/r0p1/port.o
                0x0000000008005338                vPortValidateInterruptPriority
 .text.vSetVarulMaxPRIGROUPValue
                0x00000000080053bc       0xb0 Middlewares/Third_Party/FreeRTOS/org/Source/portable/GCC/ARM_CM7/r0p1/port.o
                0x00000000080053bc                vSetVarulMaxPRIGROUPValue
 .text.pvPortMalloc
                0x000000000800546c      0x190 Middlewares/Third_Party/FreeRTOS/org/Source/portable/MemMang/heap_4.o
                0x000000000800546c                pvPortMalloc
 .text.vPortFree
                0x00000000080055fc       0xb8 Middlewares/Third_Party/FreeRTOS/org/Source/portable/MemMang/heap_4.o
                0x00000000080055fc                vPortFree
 .text.prvHeapInit
                0x00000000080056b4       0xc4 Middlewares/Third_Party/FreeRTOS/org/Source/portable/MemMang/heap_4.o
 .text.prvInsertBlockIntoFreeList
                0x0000000008005778       0xb4 Middlewares/Third_Party/FreeRTOS/org/Source/portable/MemMang/heap_4.o
 .text._cbSendSystemDesc
                0x000000000800582c       0x1c Middlewares/Third_Party/SEGGER/Config/SEGGER_SYSVIEW_Config_FreeRTOS.o
 .text.SEGGER_SYSVIEW_Conf
                0x0000000008005848       0x2c Middlewares/Third_Party/SEGGER/Config/SEGGER_SYSVIEW_Config_FreeRTOS.o
                0x0000000008005848                SEGGER_SYSVIEW_Conf
 .text._cbSendTaskList
                0x0000000008005874       0x90 Middlewares/Third_Party/SEGGER/OS/SEGGER_SYSVIEW_FreeRTOS.o
 .text._cbGetTime
                0x0000000008005904       0x76 Middlewares/Third_Party/SEGGER/OS/SEGGER_SYSVIEW_FreeRTOS.o
 *fill*         0x000000000800597a        0x2 
 .text.SYSVIEW_AddTask
                0x000000000800597c       0xd0 Middlewares/Third_Party/SEGGER/OS/SEGGER_SYSVIEW_FreeRTOS.o
                0x000000000800597c                SYSVIEW_AddTask
 .text.SYSVIEW_SendTaskInfo
                0x0000000008005a4c       0x42 Middlewares/Third_Party/SEGGER/OS/SEGGER_SYSVIEW_FreeRTOS.o
                0x0000000008005a4c                SYSVIEW_SendTaskInfo
 *fill*         0x0000000008005a8e        0x2 
 .text._DoInit  0x0000000008005a90       0xb0 Middlewares/Third_Party/SEGGER/SEGGER/SEGGER_RTT.o
 .text.SEGGER_RTT_ReadNoLock
                0x0000000008005b40      0x10c Middlewares/Third_Party/SEGGER/SEGGER/SEGGER_RTT.o
                0x0000000008005b40                SEGGER_RTT_ReadNoLock
 .text.SEGGER_RTT_AllocUpBuffer
                0x0000000008005c4c      0x108 Middlewares/Third_Party/SEGGER/SEGGER/SEGGER_RTT.o
                0x0000000008005c4c                SEGGER_RTT_AllocUpBuffer
 .text.SEGGER_RTT_ConfigDownBuffer
                0x0000000008005d54       0xe0 Middlewares/Third_Party/SEGGER/SEGGER/SEGGER_RTT.o
                0x0000000008005d54                SEGGER_RTT_ConfigDownBuffer
 .text._EncodeStr
                0x0000000008005e34       0x9a Middlewares/Third_Party/SEGGER/SEGGER/SEGGER_SYSVIEW.o
 .text._PreparePacket
                0x0000000008005ece       0x18 Middlewares/Third_Party/SEGGER/SEGGER/SEGGER_SYSVIEW.o
 *fill*         0x0000000008005ee6        0x2 
 .text._HandleIncomingPacket
                0x0000000008005ee8       0xd8 Middlewares/Third_Party/SEGGER/SEGGER/SEGGER_SYSVIEW.o
 .text._TrySendOverflowPacket
                0x0000000008005fc0       0xe4 Middlewares/Third_Party/SEGGER/SEGGER/SEGGER_SYSVIEW.o
 .text._SendPacket
                0x00000000080060a4      0x1cc Middlewares/Third_Party/SEGGER/SEGGER/SEGGER_SYSVIEW.o
 .text._VPrintHost
                0x0000000008006270      0x180 Middlewares/Third_Party/SEGGER/SEGGER/SEGGER_SYSVIEW.o
 .text.SEGGER_SYSVIEW_Init
                0x00000000080063f0       0x8c Middlewares/Third_Party/SEGGER/SEGGER/SEGGER_SYSVIEW.o
                0x00000000080063f0                SEGGER_SYSVIEW_Init
 .text.SEGGER_SYSVIEW_SetRAMBase
                0x000000000800647c       0x20 Middlewares/Third_Party/SEGGER/SEGGER/SEGGER_SYSVIEW.o
                0x000000000800647c                SEGGER_SYSVIEW_SetRAMBase
 .text.SEGGER_SYSVIEW_RecordVoid
                0x000000000800649c       0x3c Middlewares/Third_Party/SEGGER/SEGGER/SEGGER_SYSVIEW.o
                0x000000000800649c                SEGGER_SYSVIEW_RecordVoid
 .text.SEGGER_SYSVIEW_RecordU32
                0x00000000080064d8       0x78 Middlewares/Third_Party/SEGGER/SEGGER/SEGGER_SYSVIEW.o
                0x00000000080064d8                SEGGER_SYSVIEW_RecordU32
 .text.SEGGER_SYSVIEW_RecordU32x2
                0x0000000008006550       0xb4 Middlewares/Third_Party/SEGGER/SEGGER/SEGGER_SYSVIEW.o
                0x0000000008006550                SEGGER_SYSVIEW_RecordU32x2
 .text.SEGGER_SYSVIEW_RecordU32x3
                0x0000000008006604       0xec Middlewares/Third_Party/SEGGER/SEGGER/SEGGER_SYSVIEW.o
                0x0000000008006604                SEGGER_SYSVIEW_RecordU32x3
 .text.SEGGER_SYSVIEW_RecordU32x4
                0x00000000080066f0      0x124 Middlewares/Third_Party/SEGGER/SEGGER/SEGGER_SYSVIEW.o
                0x00000000080066f0                SEGGER_SYSVIEW_RecordU32x4
 .text.SEGGER_SYSVIEW_Start
                0x0000000008006814      0x174 Middlewares/Third_Party/SEGGER/SEGGER/SEGGER_SYSVIEW.o
                0x0000000008006814                SEGGER_SYSVIEW_Start
 .text.SEGGER_SYSVIEW_Stop
                0x0000000008006988       0x4c Middlewares/Third_Party/SEGGER/SEGGER/SEGGER_SYSVIEW.o
                0x0000000008006988                SEGGER_SYSVIEW_Stop
 .text.SEGGER_SYSVIEW_GetSysDesc
                0x00000000080069d4      0x134 Middlewares/Third_Party/SEGGER/SEGGER/SEGGER_SYSVIEW.o
                0x00000000080069d4                SEGGER_SYSVIEW_GetSysDesc
 .text.SEGGER_SYSVIEW_SendTaskInfo
                0x0000000008006b08      0x1c8 Middlewares/Third_Party/SEGGER/SEGGER/SEGGER_SYSVIEW.o
                0x0000000008006b08                SEGGER_SYSVIEW_SendTaskInfo
 .text.SEGGER_SYSVIEW_SendTaskList
                0x0000000008006cd0       0x28 Middlewares/Third_Party/SEGGER/SEGGER/SEGGER_SYSVIEW.o
                0x0000000008006cd0                SEGGER_SYSVIEW_SendTaskList
 .text.SEGGER_SYSVIEW_SendSysDesc
                0x0000000008006cf8       0x48 Middlewares/Third_Party/SEGGER/SEGGER/SEGGER_SYSVIEW.o
                0x0000000008006cf8                SEGGER_SYSVIEW_SendSysDesc
 .text.SEGGER_SYSVIEW_RecordSystime
                0x0000000008006d40       0x60 Middlewares/Third_Party/SEGGER/SEGGER/SEGGER_SYSVIEW.o
                0x0000000008006d40                SEGGER_SYSVIEW_RecordSystime
 .text.SEGGER_SYSVIEW_OnIdle
                0x0000000008006da0       0x38 Middlewares/Third_Party/SEGGER/SEGGER/SEGGER_SYSVIEW.o
                0x0000000008006da0                SEGGER_SYSVIEW_OnIdle
 .text.SEGGER_SYSVIEW_OnTaskCreate
                0x0000000008006dd8       0x84 Middlewares/Third_Party/SEGGER/SEGGER/SEGGER_SYSVIEW.o
                0x0000000008006dd8                SEGGER_SYSVIEW_OnTaskCreate
 .text.SEGGER_SYSVIEW_OnTaskStartExec
                0x0000000008006e5c       0x84 Middlewares/Third_Party/SEGGER/SEGGER/SEGGER_SYSVIEW.o
                0x0000000008006e5c                SEGGER_SYSVIEW_OnTaskStartExec
 .text.SEGGER_SYSVIEW_OnTaskStartReady
                0x0000000008006ee0       0x84 Middlewares/Third_Party/SEGGER/SEGGER/SEGGER_SYSVIEW.o
                0x0000000008006ee0                SEGGER_SYSVIEW_OnTaskStartReady
 .text.SEGGER_SYSVIEW_OnTaskStopReady
                0x0000000008006f64       0xc0 Middlewares/Third_Party/SEGGER/SEGGER/SEGGER_SYSVIEW.o
                0x0000000008006f64                SEGGER_SYSVIEW_OnTaskStopReady
 .text.SEGGER_SYSVIEW_ShrinkId
                0x0000000008007024       0x20 Middlewares/Third_Party/SEGGER/SEGGER/SEGGER_SYSVIEW.o
                0x0000000008007024                SEGGER_SYSVIEW_ShrinkId
 .text.SEGGER_SYSVIEW_SendModule
                0x0000000008007044      0x100 Middlewares/Third_Party/SEGGER/SEGGER/SEGGER_SYSVIEW.o
                0x0000000008007044                SEGGER_SYSVIEW_SendModule
 .text.SEGGER_SYSVIEW_SendModuleDescription
                0x0000000008007144       0x3c Middlewares/Third_Party/SEGGER/SEGGER/SEGGER_SYSVIEW.o
                0x0000000008007144                SEGGER_SYSVIEW_SendModuleDescription
 .text.SEGGER_SYSVIEW_SendNumModules
                0x0000000008007180       0x7c Middlewares/Third_Party/SEGGER/SEGGER/SEGGER_SYSVIEW.o
                0x0000000008007180                SEGGER_SYSVIEW_SendNumModules
 .text.SEGGER_SYSVIEW_PrintfHost
                0x00000000080071fc       0x28 Middlewares/Third_Party/SEGGER/SEGGER/SEGGER_SYSVIEW.o
                0x00000000080071fc                SEGGER_SYSVIEW_PrintfHost
 .text.SEGGER_SYSVIEW_Warn
                0x0000000008007224       0xb8 Middlewares/Third_Party/SEGGER/SEGGER/SEGGER_SYSVIEW.o
                0x0000000008007224                SEGGER_SYSVIEW_Warn
 .text.__libc_init_array
                0x00000000080072dc       0x48 c:/st/stm32cubeide_1.4.0/stm32cubeide/plugins/com.st.stm32cube.ide.mcu.externaltools.gnu-tools-for-stm32.7-2018-q2-update.win32_1.5.0.202011040924/tools/bin/../lib/gcc/arm-none-eabi/7.3.1/../../../../arm-none-eabi/lib/thumb/v7e-m/fpv4-sp/hard\libc_nano.a(lib_a-init.o)
                0x00000000080072dc                __libc_init_array
 .text.memcmp   0x0000000008007324       0x1e c:/st/stm32cubeide_1.4.0/stm32cubeide/plugins/com.st.stm32cube.ide.mcu.externaltools.gnu-tools-for-stm32.7-2018-q2-update.win32_1.5.0.202011040924/tools/bin/../lib/gcc/arm-none-eabi/7.3.1/../../../../arm-none-eabi/lib/thumb/v7e-m/fpv4-sp/hard\libc_nano.a(lib_a-memcmp.o)
                0x0000000008007324                memcmp
 .text.memcpy   0x0000000008007342       0x16 c:/st/stm32cubeide_1.4.0/stm32cubeide/plugins/com.st.stm32cube.ide.mcu.externaltools.gnu-tools-for-stm32.7-2018-q2-update.win32_1.5.0.202011040924/tools/bin/../lib/gcc/arm-none-eabi/7.3.1/../../../../arm-none-eabi/lib/thumb/v7e-m/fpv4-sp/hard\libc_nano.a(lib_a-memcpy-stub.o)
                0x0000000008007342                memcpy
 .text.memset   0x0000000008007358       0x10 c:/st/stm32cubeide_1.4.0/stm32cubeide/plugins/com.st.stm32cube.ide.mcu.externaltools.gnu-tools-for-stm32.7-2018-q2-update.win32_1.5.0.202011040924/tools/bin/../lib/gcc/arm-none-eabi/7.3.1/../../../../arm-none-eabi/lib/thumb/v7e-m/fpv4-sp/hard\libc_nano.a(lib_a-memset.o)
                0x0000000008007358                memset
 *(.glue_7)
 .glue_7        0x0000000008007368        0x0 linker stubs
 *(.glue_7t)
 .glue_7t       0x0000000008007368        0x0 linker stubs
 *(.eh_frame)
 .eh_frame      0x0000000008007368        0x0 c:/st/stm32cubeide_1.4.0/stm32cubeide/plugins/com.st.stm32cube.ide.mcu.externaltools.gnu-tools-for-stm32.7-2018-q2-update.win32_1.5.0.202011040924/tools/bin/../lib/gcc/arm-none-eabi/7.3.1/thumb/v7e-m/fpv4-sp/hard/crtbegin.o
 *(.init)
 .init          0x0000000008007368        0x4 c:/st/stm32cubeide_1.4.0/stm32cubeide/plugins/com.st.stm32cube.ide.mcu.externaltools.gnu-tools-for-stm32.7-2018-q2-update.win32_1.5.0.202011040924/tools/bin/../lib/gcc/arm-none-eabi/7.3.1/thumb/v7e-m/fpv4-sp/hard/crti.o
                0x0000000008007368                _init
 .init          0x000000000800736c        0x8 c:/st/stm32cubeide_1.4.0/stm32cubeide/plugins/com.st.stm32cube.ide.mcu.externaltools.gnu-tools-for-stm32.7-2018-q2-update.win32_1.5.0.202011040924/tools/bin/../lib/gcc/arm-none-eabi/7.3.1/thumb/v7e-m/fpv4-sp/hard/crtn.o
 *(.fini)
 .fini          0x0000000008007374        0x4 c:/st/stm32cubeide_1.4.0/stm32cubeide/plugins/com.st.stm32cube.ide.mcu.externaltools.gnu-tools-for-stm32.7-2018-q2-update.win32_1.5.0.202011040924/tools/bin/../lib/gcc/arm-none-eabi/7.3.1/thumb/v7e-m/fpv4-sp/hard/crti.o
                0x0000000008007374                _fini
 .fini          0x0000000008007378        0x8 c:/st/stm32cubeide_1.4.0/stm32cubeide/plugins/com.st.stm32cube.ide.mcu.externaltools.gnu-tools-for-stm32.7-2018-q2-update.win32_1.5.0.202011040924/tools/bin/../lib/gcc/arm-none-eabi/7.3.1/thumb/v7e-m/fpv4-sp/hard/crtn.o
                0x0000000008007380                . = ALIGN (0x4)
                0x0000000008007380                _etext = .

.vfp11_veneer   0x0000000008007380        0x0
 .vfp11_veneer  0x0000000008007380        0x0 linker stubs

.v4_bx          0x0000000008007380        0x0
 .v4_bx         0x0000000008007380        0x0 linker stubs

.iplt           0x0000000008007380        0x0
 .iplt          0x0000000008007380        0x0 c:/st/stm32cubeide_1.4.0/stm32cubeide/plugins/com.st.stm32cube.ide.mcu.externaltools.gnu-tools-for-stm32.7-2018-q2-update.win32_1.5.0.202011040924/tools/bin/../lib/gcc/arm-none-eabi/7.3.1/thumb/v7e-m/fpv4-sp/hard/crtbegin.o

.rodata         0x0000000008007380      0x178
                0x0000000008007380                . = ALIGN (0x4)
 *(.rodata)
 .rodata        0x0000000008007380       0x7f Core/Src/freertos.o
 *fill*         0x00000000080073ff        0x1 
 .rodata        0x0000000008007400        0x5 Middlewares/Third_Party/FreeRTOS/org/Source/tasks.o
 *fill*         0x0000000008007405        0x3 
 .rodata        0x0000000008007408       0x49 Middlewares/Third_Party/SEGGER/Config/SEGGER_SYSVIEW_Config_FreeRTOS.o
 *fill*         0x0000000008007451        0x3 
 .rodata        0x0000000008007454       0x58 Middlewares/Third_Party/SEGGER/OS/SEGGER_SYSVIEW_FreeRTOS.o
 .rodata        0x00000000080074ac       0x17 Middlewares/Third_Party/SEGGER/SEGGER/SEGGER_RTT.o
 *fill*         0x00000000080074c3        0x1 
 .rodata        0x00000000080074c4        0x8 Middlewares/Third_Party/SEGGER/SEGGER/SEGGER_SYSVIEW.o
 *(.rodata*)
 .rodata.AHBPrescTable
                0x00000000080074cc       0x10 Core/Src/system_stm32f7xx.o
                0x00000000080074cc                AHBPrescTable
 .rodata.APBPrescTable
                0x00000000080074dc        0x8 Core/Src/system_stm32f7xx.o
                0x00000000080074dc                APBPrescTable
 .rodata.SYSVIEW_X_OS_TraceAPI
                0x00000000080074e4        0x8 Middlewares/Third_Party/SEGGER/OS/SEGGER_SYSVIEW_FreeRTOS.o
                0x00000000080074e4                SYSVIEW_X_OS_TraceAPI
 .rodata._abSync
                0x00000000080074ec        0xa Middlewares/Third_Party/SEGGER/SEGGER/SEGGER_SYSVIEW.o
                0x00000000080074f8                . = ALIGN (0x4)
 *fill*         0x00000000080074f6        0x2 

.ARM.extab      0x00000000080074f8        0x0
                0x00000000080074f8                . = ALIGN (0x4)
 *(.ARM.extab* .gnu.linkonce.armextab.*)
                0x00000000080074f8                . = ALIGN (0x4)

.ARM            0x00000000080074f8        0x8
                0x00000000080074f8                . = ALIGN (0x4)
                0x00000000080074f8                __exidx_start = .
 *(.ARM.exidx*)
 .ARM.exidx     0x00000000080074f8        0x8 c:/st/stm32cubeide_1.4.0/stm32cubeide/plugins/com.st.stm32cube.ide.mcu.externaltools.gnu-tools-for-stm32.7-2018-q2-update.win32_1.5.0.202011040924/tools/bin/../lib/gcc/arm-none-eabi/7.3.1/thumb/v7e-m/fpv4-sp/hard\libgcc.a(_udivmoddi4.o)
                0x0000000008007500                __exidx_end = .
                0x0000000008007500                . = ALIGN (0x4)

.rel.dyn        0x0000000008007500        0x0
 .rel.iplt      0x0000000008007500        0x0 c:/st/stm32cubeide_1.4.0/stm32cubeide/plugins/com.st.stm32cube.ide.mcu.externaltools.gnu-tools-for-stm32.7-2018-q2-update.win32_1.5.0.202011040924/tools/bin/../lib/gcc/arm-none-eabi/7.3.1/thumb/v7e-m/fpv4-sp/hard/crtbegin.o

.preinit_array  0x0000000008007500        0x0
                0x0000000008007500                . = ALIGN (0x4)
                0x0000000008007500                PROVIDE (__preinit_array_start = .)
 *(.preinit_array*)
                0x0000000008007500                PROVIDE (__preinit_array_end = .)
                0x0000000008007500                . = ALIGN (0x4)

.init_array     0x0000000008007500        0x4
                0x0000000008007500                . = ALIGN (0x4)
                0x0000000008007500                PROVIDE (__init_array_start = .)
 *(SORT_BY_NAME(.init_array.*))
 *(.init_array*)
 .init_array    0x0000000008007500        0x4 c:/st/stm32cubeide_1.4.0/stm32cubeide/plugins/com.st.stm32cube.ide.mcu.externaltools.gnu-tools-for-stm32.7-2018-q2-update.win32_1.5.0.202011040924/tools/bin/../lib/gcc/arm-none-eabi/7.3.1/thumb/v7e-m/fpv4-sp/hard/crtbegin.o
                0x0000000008007504                PROVIDE (__init_array_end = .)
                0x0000000008007504                . = ALIGN (0x4)

.fini_array     0x0000000008007504        0x4
                0x0000000008007504                . = ALIGN (0x4)
                [!provide]                        PROVIDE (__fini_array_start = .)
 *(SORT_BY_NAME(.fini_array.*))
 *(.fini_array*)
 .fini_array    0x0000000008007504        0x4 c:/st/stm32cubeide_1.4.0/stm32cubeide/plugins/com.st.stm32cube.ide.mcu.externaltools.gnu-tools-for-stm32.7-2018-q2-update.win32_1.5.0.202011040924/tools/bin/../lib/gcc/arm-none-eabi/7.3.1/thumb/v7e-m/fpv4-sp/hard/crtbegin.o
                [!provide]                        PROVIDE (__fini_array_end = .)
                0x0000000008007508                . = ALIGN (0x4)
                0x0000000008007508                _sidata = LOADADDR (.data)

.data           0x0000000020000000       0x10 load address 0x0000000008007508
                0x0000000020000000                . = ALIGN (0x4)
                0x0000000020000000                _sdata = .
 *(.data)
 *(.data*)
 .data.SystemCoreClock
                0x0000000020000000        0x4 Core/Src/system_stm32f7xx.o
                0x0000000020000000                SystemCoreClock
 .data.uwTickPrio
                0x0000000020000004        0x4 Drivers/STM32F7xx_HAL_Driver/Src/stm32f7xx_hal.o
                0x0000000020000004                uwTickPrio
 .data.uwTickFreq
                0x0000000020000008        0x1 Drivers/STM32F7xx_HAL_Driver/Src/stm32f7xx_hal.o
                0x0000000020000008                uwTickFreq
 *fill*         0x0000000020000009        0x3 
 .data.uxCriticalNesting
                0x000000002000000c        0x4 Middlewares/Third_Party/FreeRTOS/org/Source/portable/GCC/ARM_CM7/r0p1/port.o
 *(.RamFunc)
 *(.RamFunc*)
                0x0000000020000010                . = ALIGN (0x4)
                0x0000000020000010                _edata = .

.igot.plt       0x0000000020000010        0x0 load address 0x0000000008007518
 .igot.plt      0x0000000020000010        0x0 c:/st/stm32cubeide_1.4.0/stm32cubeide/plugins/com.st.stm32cube.ide.mcu.externaltools.gnu-tools-for-stm32.7-2018-q2-update.win32_1.5.0.202011040924/tools/bin/../lib/gcc/arm-none-eabi/7.3.1/thumb/v7e-m/fpv4-sp/hard/crtbegin.o
                0x0000000020000010                . = ALIGN (0x4)

.bss            0x0000000020000010    0x35648 load address 0x0000000008007518
                0x0000000020000010                _sbss = .
                0x0000000020000010                __bss_start__ = _sbss
 *(.bss)
 .bss           0x0000000020000010       0x1c c:/st/stm32cubeide_1.4.0/stm32cubeide/plugins/com.st.stm32cube.ide.mcu.externaltools.gnu-tools-for-stm32.7-2018-q2-update.win32_1.5.0.202011040924/tools/bin/../lib/gcc/arm-none-eabi/7.3.1/thumb/v7e-m/fpv4-sp/hard/crtbegin.o
 *(.bss*)
 .bss.xIdleTaskTCBBuffer
                0x000000002000002c       0x54 Core/Src/freertos.o
 .bss.xIdleStack
                0x0000000020000080      0x400 Core/Src/freertos.o
 .bss.pxCurrentTCB
                0x0000000020000480        0x4 Middlewares/Third_Party/FreeRTOS/org/Source/tasks.o
                0x0000000020000480                pxCurrentTCB
 .bss.pxReadyTasksLists
                0x0000000020000484       0x8c Middlewares/Third_Party/FreeRTOS/org/Source/tasks.o
 .bss.xDelayedTaskList1
                0x0000000020000510       0x14 Middlewares/Third_Party/FreeRTOS/org/Source/tasks.o
 .bss.xDelayedTaskList2
                0x0000000020000524       0x14 Middlewares/Third_Party/FreeRTOS/org/Source/tasks.o
 .bss.pxDelayedTaskList
                0x0000000020000538        0x4 Middlewares/Third_Party/FreeRTOS/org/Source/tasks.o
 .bss.pxOverflowDelayedTaskList
                0x000000002000053c        0x4 Middlewares/Third_Party/FreeRTOS/org/Source/tasks.o
 .bss.xPendingReadyList
                0x0000000020000540       0x14 Middlewares/Third_Party/FreeRTOS/org/Source/tasks.o
 .bss.xTasksWaitingTermination
                0x0000000020000554       0x14 Middlewares/Third_Party/FreeRTOS/org/Source/tasks.o
 .bss.uxDeletedTasksWaitingCleanUp
                0x0000000020000568        0x4 Middlewares/Third_Party/FreeRTOS/org/Source/tasks.o
 .bss.xSuspendedTaskList
                0x000000002000056c       0x14 Middlewares/Third_Party/FreeRTOS/org/Source/tasks.o
 .bss.uxCurrentNumberOfTasks
                0x0000000020000580        0x4 Middlewares/Third_Party/FreeRTOS/org/Source/tasks.o
 .bss.xTickCount
                0x0000000020000584        0x4 Middlewares/Third_Party/FreeRTOS/org/Source/tasks.o
 .bss.uxTopReadyPriority
                0x0000000020000588        0x4 Middlewares/Third_Party/FreeRTOS/org/Source/tasks.o
 .bss.xSchedulerRunning
                0x000000002000058c        0x4 Middlewares/Third_Party/FreeRTOS/org/Source/tasks.o
 .bss.uxPendedTicks
                0x0000000020000590        0x4 Middlewares/Third_Party/FreeRTOS/org/Source/tasks.o
 .bss.xYieldPending
                0x0000000020000594        0x4 Middlewares/Third_Party/FreeRTOS/org/Source/tasks.o
 .bss.xNumOfOverflows
                0x0000000020000598        0x4 Middlewares/Third_Party/FreeRTOS/org/Source/tasks.o
 .bss.uxTaskNumber
                0x000000002000059c        0x4 Middlewares/Third_Party/FreeRTOS/org/Source/tasks.o
 .bss.xNextTaskUnblockTime
                0x00000000200005a0        0x4 Middlewares/Third_Party/FreeRTOS/org/Source/tasks.o
 .bss.xIdleTaskHandle
                0x00000000200005a4        0x4 Middlewares/Third_Party/FreeRTOS/org/Source/tasks.o
 .bss.uxSchedulerSuspended
                0x00000000200005a8        0x4 Middlewares/Third_Party/FreeRTOS/org/Source/tasks.o
 .bss.ucMaxSysCallPriority
                0x00000000200005ac        0x1 Middlewares/Third_Party/FreeRTOS/org/Source/portable/GCC/ARM_CM7/r0p1/port.o
 *fill*         0x00000000200005ad        0x3 
 .bss.ulMaxPRIGROUPValue
                0x00000000200005b0        0x4 Middlewares/Third_Party/FreeRTOS/org/Source/portable/GCC/ARM_CM7/r0p1/port.o
 .bss.ucHeap    0x00000000200005b4     0x3c00 Middlewares/Third_Party/FreeRTOS/org/Source/portable/MemMang/heap_4.o
 .bss.xStart    0x00000000200041b4        0x8 Middlewares/Third_Party/FreeRTOS/org/Source/portable/MemMang/heap_4.o
 .bss.pxEnd     0x00000000200041bc        0x4 Middlewares/Third_Party/FreeRTOS/org/Source/portable/MemMang/heap_4.o
 .bss.xFreeBytesRemaining
                0x00000000200041c0        0x4 Middlewares/Third_Party/FreeRTOS/org/Source/portable/MemMang/heap_4.o
 .bss.xMinimumEverFreeBytesRemaining
                0x00000000200041c4        0x4 Middlewares/Third_Party/FreeRTOS/org/Source/portable/MemMang/heap_4.o
 .bss.xBlockAllocatedBit
                0x00000000200041c8        0x4 Middlewares/Third_Party/FreeRTOS/org/Source/portable/MemMang/heap_4.o
 .bss._aTasks   0x00000000200041cc       0xa0 Middlewares/Third_Party/SEGGER/OS/SEGGER_SYSVIEW_FreeRTOS.o
 .bss._NumTasks
                0x000000002000426c        0x4 Middlewares/Third_Party/SEGGER/OS/SEGGER_SYSVIEW_FreeRTOS.o
 .bss._acUpBuffer
                0x0000000020004270      0x400 Middlewares/Third_Party/SEGGER/SEGGER/SEGGER_RTT.o
 .bss._acDownBuffer
                0x0000000020004670       0x10 Middlewares/Third_Party/SEGGER/SEGGER/SEGGER_RTT.o
 .bss._UpBuffer
                0x0000000020004680    0x30d40 Middlewares/Third_Party/SEGGER/SEGGER/SEGGER_SYSVIEW.o
 .bss._DownBuffer
                0x00000000200353c0        0x8 Middlewares/Third_Party/SEGGER/SEGGER/SEGGER_SYSVIEW.o
 .bss._SYSVIEW_Globals
                0x00000000200353c8       0x28 Middlewares/Third_Party/SEGGER/SEGGER/SEGGER_SYSVIEW.o
 .bss._pFirstModule
                0x00000000200353f0        0x4 Middlewares/Third_Party/SEGGER/SEGGER/SEGGER_SYSVIEW.o
 .bss._NumModules
                0x00000000200353f4        0x1 Middlewares/Third_Party/SEGGER/SEGGER/SEGGER_SYSVIEW.o
 *fill*         0x00000000200353f5        0x3 
 .bss._aPacket  0x00000000200353f8       0xe3 Middlewares/Third_Party/SEGGER/SEGGER/SEGGER_SYSVIEW.o
 *(COMMON)
 *fill*         0x00000000200354db        0x1 
 COMMON         0x00000000200354dc       0x10 Core/Src/freertos.o
                0x00000000200354dc                TrcBinarySemHandle
                0x00000000200354e0                myTask02Handle
                0x00000000200354e4                TrcMutexHandle
                0x00000000200354e8                myTask01Handle
 COMMON         0x00000000200354ec       0x40 Core/Src/stm32f7xx_hal_timebase_tim.o
                0x00000000200354ec                htim1
 COMMON         0x000000002003552c       0x80 Core/Src/usart.o
                0x000000002003552c                huart1
 COMMON         0x00000000200355ac        0x4 Drivers/STM32F7xx_HAL_Driver/Src/stm32f7xx_hal.o
                0x00000000200355ac                uwTick
 COMMON         0x00000000200355b0       0xa8 Middlewares/Third_Party/SEGGER/SEGGER/SEGGER_RTT.o
                0x00000000200355b0                _SEGGER_RTT
                0x0000000020035658                . = ALIGN (0x4)
                0x0000000020035658                _ebss = .
                0x0000000020035658                __bss_end__ = _ebss

._user_heap_stack
                0x0000000020035658     0x6000 load address 0x0000000008007518
                0x0000000020035658                . = ALIGN (0x8)
                [!provide]                        PROVIDE (end = .)
                0x0000000020035658                PROVIDE (_end = .)
                0x0000000020037658                . = (. + _Min_Heap_Size)
 *fill*         0x0000000020035658     0x2000 
                0x000000002003b658                . = (. + _Min_Stack_Size)
 *fill*         0x0000000020037658     0x4000 
                0x000000002003b658                . = ALIGN (0x8)

/DISCARD/
 libc.a(*)
 libm.a(*)
 libgcc.a(*)

.ARM.attributes
                0x0000000000000000       0x30
 *(.ARM.attributes)
 .ARM.attributes
                0x0000000000000000       0x22 c:/st/stm32cubeide_1.4.0/stm32cubeide/plugins/com.st.stm32cube.ide.mcu.externaltools.gnu-tools-for-stm32.7-2018-q2-update.win32_1.5.0.202011040924/tools/bin/../lib/gcc/arm-none-eabi/7.3.1/thumb/v7e-m/fpv4-sp/hard/crti.o
 .ARM.attributes
                0x0000000000000022       0x34 c:/st/stm32cubeide_1.4.0/stm32cubeide/plugins/com.st.stm32cube.ide.mcu.externaltools.gnu-tools-for-stm32.7-2018-q2-update.win32_1.5.0.202011040924/tools/bin/../lib/gcc/arm-none-eabi/7.3.1/thumb/v7e-m/fpv4-sp/hard/crtbegin.o
 .ARM.attributes
                0x0000000000000056       0x39 Core/Src/freertos.o
 .ARM.attributes
                0x000000000000008f       0x39 Core/Src/gpio.o
 .ARM.attributes
                0x00000000000000c8       0x39 Core/Src/main.o
 .ARM.attributes
                0x0000000000000101       0x39 Core/Src/stm32f7xx_hal_msp.o
 .ARM.attributes
                0x000000000000013a       0x39 Core/Src/stm32f7xx_hal_timebase_tim.o
 .ARM.attributes
                0x0000000000000173       0x39 Core/Src/stm32f7xx_it.o
 .ARM.attributes
                0x00000000000001ac       0x39 Core/Src/system_stm32f7xx.o
 .ARM.attributes
                0x00000000000001e5       0x39 Core/Src/usart.o
 .ARM.attributes
                0x000000000000021e       0x21 Core/Startup/startup_stm32f746nghx.o
 .ARM.attributes
                0x000000000000023f       0x39 Drivers/STM32F7xx_HAL_Driver/Src/stm32f7xx_hal.o
 .ARM.attributes
                0x0000000000000278       0x39 Drivers/STM32F7xx_HAL_Driver/Src/stm32f7xx_hal_cortex.o
 .ARM.attributes
                0x00000000000002b1       0x39 Drivers/STM32F7xx_HAL_Driver/Src/stm32f7xx_hal_gpio.o
 .ARM.attributes
                0x00000000000002ea       0x39 Drivers/STM32F7xx_HAL_Driver/Src/stm32f7xx_hal_pwr_ex.o
 .ARM.attributes
                0x0000000000000323       0x39 Drivers/STM32F7xx_HAL_Driver/Src/stm32f7xx_hal_rcc.o
 .ARM.attributes
                0x000000000000035c       0x39 Drivers/STM32F7xx_HAL_Driver/Src/stm32f7xx_hal_rcc_ex.o
 .ARM.attributes
                0x0000000000000395       0x39 Drivers/STM32F7xx_HAL_Driver/Src/stm32f7xx_hal_tim.o
 .ARM.attributes
                0x00000000000003ce       0x39 Drivers/STM32F7xx_HAL_Driver/Src/stm32f7xx_hal_tim_ex.o
 .ARM.attributes
                0x0000000000000407       0x39 Drivers/STM32F7xx_HAL_Driver/Src/stm32f7xx_hal_uart.o
 .ARM.attributes
                0x0000000000000440       0x39 Middlewares/Third_Party/FreeRTOS/org/Source/CMSIS_RTOS/cmsis_os.o
 .ARM.attributes
                0x0000000000000479       0x39 Middlewares/Third_Party/FreeRTOS/org/Source/list.o
 .ARM.attributes
                0x00000000000004b2       0x39 Middlewares/Third_Party/FreeRTOS/org/Source/queue.o
 .ARM.attributes
                0x00000000000004eb       0x39 Middlewares/Third_Party/FreeRTOS/org/Source/tasks.o
 .ARM.attributes
                0x0000000000000524       0x39 Middlewares/Third_Party/FreeRTOS/org/Source/portable/GCC/ARM_CM7/r0p1/port.o
 .ARM.attributes
                0x000000000000055d       0x39 Middlewares/Third_Party/FreeRTOS/org/Source/portable/MemMang/heap_4.o
 .ARM.attributes
                0x0000000000000596       0x39 Middlewares/Third_Party/SEGGER/Config/SEGGER_SYSVIEW_Config_FreeRTOS.o
 .ARM.attributes
                0x00000000000005cf       0x39 Middlewares/Third_Party/SEGGER/OS/SEGGER_SYSVIEW_FreeRTOS.o
 .ARM.attributes
                0x0000000000000608       0x39 Middlewares/Third_Party/SEGGER/SEGGER/SEGGER_RTT.o
 .ARM.attributes
                0x0000000000000641       0x25 Middlewares/Third_Party/SEGGER/SEGGER/SEGGER_RTT_ASM_ARMv7M.o
 .ARM.attributes
                0x0000000000000666       0x39 Middlewares/Third_Party/SEGGER/SEGGER/SEGGER_SYSVIEW.o
 .ARM.attributes
                0x000000000000069f       0x34 c:/st/stm32cubeide_1.4.0/stm32cubeide/plugins/com.st.stm32cube.ide.mcu.externaltools.gnu-tools-for-stm32.7-2018-q2-update.win32_1.5.0.202011040924/tools/bin/../lib/gcc/arm-none-eabi/7.3.1/../../../../arm-none-eabi/lib/thumb/v7e-m/fpv4-sp/hard\libc_nano.a(lib_a-init.o)
 .ARM.attributes
                0x00000000000006d3       0x34 c:/st/stm32cubeide_1.4.0/stm32cubeide/plugins/com.st.stm32cube.ide.mcu.externaltools.gnu-tools-for-stm32.7-2018-q2-update.win32_1.5.0.202011040924/tools/bin/../lib/gcc/arm-none-eabi/7.3.1/../../../../arm-none-eabi/lib/thumb/v7e-m/fpv4-sp/hard\libc_nano.a(lib_a-memcmp.o)
 .ARM.attributes
                0x0000000000000707       0x34 c:/st/stm32cubeide_1.4.0/stm32cubeide/plugins/com.st.stm32cube.ide.mcu.externaltools.gnu-tools-for-stm32.7-2018-q2-update.win32_1.5.0.202011040924/tools/bin/../lib/gcc/arm-none-eabi/7.3.1/../../../../arm-none-eabi/lib/thumb/v7e-m/fpv4-sp/hard\libc_nano.a(lib_a-memcpy-stub.o)
 .ARM.attributes
                0x000000000000073b       0x34 c:/st/stm32cubeide_1.4.0/stm32cubeide/plugins/com.st.stm32cube.ide.mcu.externaltools.gnu-tools-for-stm32.7-2018-q2-update.win32_1.5.0.202011040924/tools/bin/../lib/gcc/arm-none-eabi/7.3.1/../../../../arm-none-eabi/lib/thumb/v7e-m/fpv4-sp/hard\libc_nano.a(lib_a-memset.o)
 .ARM.attributes
                0x000000000000076f       0x22 c:/st/stm32cubeide_1.4.0/stm32cubeide/plugins/com.st.stm32cube.ide.mcu.externaltools.gnu-tools-for-stm32.7-2018-q2-update.win32_1.5.0.202011040924/tools/bin/../lib/gcc/arm-none-eabi/7.3.1/thumb/v7e-m/fpv4-sp/hard\libgcc.a(_aeabi_uldivmod.o)
 .ARM.attributes
                0x0000000000000791       0x34 c:/st/stm32cubeide_1.4.0/stm32cubeide/plugins/com.st.stm32cube.ide.mcu.externaltools.gnu-tools-for-stm32.7-2018-q2-update.win32_1.5.0.202011040924/tools/bin/../lib/gcc/arm-none-eabi/7.3.1/thumb/v7e-m/fpv4-sp/hard\libgcc.a(_udivmoddi4.o)
 .ARM.attributes
                0x00000000000007c5       0x22 c:/st/stm32cubeide_1.4.0/stm32cubeide/plugins/com.st.stm32cube.ide.mcu.externaltools.gnu-tools-for-stm32.7-2018-q2-update.win32_1.5.0.202011040924/tools/bin/../lib/gcc/arm-none-eabi/7.3.1/thumb/v7e-m/fpv4-sp/hard\libgcc.a(_dvmd_tls.o)
 .ARM.attributes
                0x00000000000007e7       0x22 c:/st/stm32cubeide_1.4.0/stm32cubeide/plugins/com.st.stm32cube.ide.mcu.externaltools.gnu-tools-for-stm32.7-2018-q2-update.win32_1.5.0.202011040924/tools/bin/../lib/gcc/arm-none-eabi/7.3.1/thumb/v7e-m/fpv4-sp/hard/crtn.o
OUTPUT(SysView_F746.elf elf32-littlearm)

.debug_info     0x0000000000000000    0x1b88c
 .debug_info    0x0000000000000000      0x833 Core/Src/freertos.o
 .debug_info    0x0000000000000833      0x4ef Core/Src/gpio.o
 .debug_info    0x0000000000000d22     0x1131 Core/Src/main.o
 .debug_info    0x0000000000001e53      0x60d Core/Src/stm32f7xx_hal_msp.o
 .debug_info    0x0000000000002460      0xbe7 Core/Src/stm32f7xx_hal_timebase_tim.o
 .debug_info    0x0000000000003047      0x6eb Core/Src/stm32f7xx_it.o
 .debug_info    0x0000000000003732      0x73d Core/Src/system_stm32f7xx.o
 .debug_info    0x0000000000003e6f      0xa48 Core/Src/usart.o
 .debug_info    0x00000000000048b7       0x22 Core/Startup/startup_stm32f746nghx.o
 .debug_info    0x00000000000048d9      0x9d3 Drivers/STM32F7xx_HAL_Driver/Src/stm32f7xx_hal.o
 .debug_info    0x00000000000052ac     0x104a Drivers/STM32F7xx_HAL_Driver/Src/stm32f7xx_hal_cortex.o
 .debug_info    0x00000000000062f6      0x7dc Drivers/STM32F7xx_HAL_Driver/Src/stm32f7xx_hal_gpio.o
 .debug_info    0x0000000000006ad2      0x96b Drivers/STM32F7xx_HAL_Driver/Src/stm32f7xx_hal_pwr_ex.o
 .debug_info    0x000000000000743d      0x935 Drivers/STM32F7xx_HAL_Driver/Src/stm32f7xx_hal_rcc.o
 .debug_info    0x0000000000007d72      0x7ad Drivers/STM32F7xx_HAL_Driver/Src/stm32f7xx_hal_rcc_ex.o
 .debug_info    0x000000000000851f     0x25a2 Drivers/STM32F7xx_HAL_Driver/Src/stm32f7xx_hal_tim.o
 .debug_info    0x000000000000aac1     0x121c Drivers/STM32F7xx_HAL_Driver/Src/stm32f7xx_hal_tim_ex.o
 .debug_info    0x000000000000bcdd     0x16d1 Drivers/STM32F7xx_HAL_Driver/Src/stm32f7xx_hal_uart.o
 .debug_info    0x000000000000d3ae     0x1e94 Middlewares/Third_Party/FreeRTOS/org/Source/CMSIS_RTOS/cmsis_os.o
 .debug_info    0x000000000000f242      0xae1 Middlewares/Third_Party/FreeRTOS/org/Source/list.o
 .debug_info    0x000000000000fd23     0x1fec Middlewares/Third_Party/FreeRTOS/org/Source/queue.o
 .debug_info    0x0000000000011d0f     0x24f7 Middlewares/Third_Party/FreeRTOS/org/Source/tasks.o
 .debug_info    0x0000000000014206      0x56b Middlewares/Third_Party/FreeRTOS/org/Source/portable/GCC/ARM_CM7/r0p1/port.o
 .debug_info    0x0000000000014771      0xc00 Middlewares/Third_Party/FreeRTOS/org/Source/portable/MemMang/heap_4.o
 .debug_info    0x0000000000015371      0x125 Middlewares/Third_Party/SEGGER/Config/SEGGER_SYSVIEW_Config_FreeRTOS.o
 .debug_info    0x0000000000015496      0xb92 Middlewares/Third_Party/SEGGER/OS/SEGGER_SYSVIEW_FreeRTOS.o
 .debug_info    0x0000000000016028     0x1bab Middlewares/Third_Party/SEGGER/SEGGER/SEGGER_RTT.o
 .debug_info    0x0000000000017bd3       0x26 Middlewares/Third_Party/SEGGER/SEGGER/SEGGER_RTT_ASM_ARMv7M.o
 .debug_info    0x0000000000017bf9     0x3c93 Middlewares/Third_Party/SEGGER/SEGGER/SEGGER_SYSVIEW.o

.debug_abbrev   0x0000000000000000     0x3741
 .debug_abbrev  0x0000000000000000      0x191 Core/Src/freertos.o
 .debug_abbrev  0x0000000000000191      0x134 Core/Src/gpio.o
 .debug_abbrev  0x00000000000002c5      0x214 Core/Src/main.o
 .debug_abbrev  0x00000000000004d9      0x112 Core/Src/stm32f7xx_hal_msp.o
 .debug_abbrev  0x00000000000005eb      0x19d Core/Src/stm32f7xx_hal_timebase_tim.o
 .debug_abbrev  0x0000000000000788      0x15a Core/Src/stm32f7xx_it.o
 .debug_abbrev  0x00000000000008e2      0x147 Core/Src/system_stm32f7xx.o
 .debug_abbrev  0x0000000000000a29      0x199 Core/Src/usart.o
 .debug_abbrev  0x0000000000000bc2       0x12 Core/Startup/startup_stm32f746nghx.o
 .debug_abbrev  0x0000000000000bd4      0x1c7 Drivers/STM32F7xx_HAL_Driver/Src/stm32f7xx_hal.o
 .debug_abbrev  0x0000000000000d9b      0x2fa Drivers/STM32F7xx_HAL_Driver/Src/stm32f7xx_hal_cortex.o
 .debug_abbrev  0x0000000000001095      0x1c9 Drivers/STM32F7xx_HAL_Driver/Src/stm32f7xx_hal_gpio.o
 .debug_abbrev  0x000000000000125e      0x1b8 Drivers/STM32F7xx_HAL_Driver/Src/stm32f7xx_hal_pwr_ex.o
 .debug_abbrev  0x0000000000001416      0x21a Drivers/STM32F7xx_HAL_Driver/Src/stm32f7xx_hal_rcc.o
 .debug_abbrev  0x0000000000001630      0x1ad Drivers/STM32F7xx_HAL_Driver/Src/stm32f7xx_hal_rcc_ex.o
 .debug_abbrev  0x00000000000017dd      0x230 Drivers/STM32F7xx_HAL_Driver/Src/stm32f7xx_hal_tim.o
 .debug_abbrev  0x0000000000001a0d      0x21e Drivers/STM32F7xx_HAL_Driver/Src/stm32f7xx_hal_tim_ex.o
 .debug_abbrev  0x0000000000001c2b      0x205 Drivers/STM32F7xx_HAL_Driver/Src/stm32f7xx_hal_uart.o
 .debug_abbrev  0x0000000000001e30      0x379 Middlewares/Third_Party/FreeRTOS/org/Source/CMSIS_RTOS/cmsis_os.o
 .debug_abbrev  0x00000000000021a9      0x1cf Middlewares/Third_Party/FreeRTOS/org/Source/list.o
 .debug_abbrev  0x0000000000002378      0x336 Middlewares/Third_Party/FreeRTOS/org/Source/queue.o
 .debug_abbrev  0x00000000000026ae      0x345 Middlewares/Third_Party/FreeRTOS/org/Source/tasks.o
 .debug_abbrev  0x00000000000029f3      0x21b Middlewares/Third_Party/FreeRTOS/org/Source/portable/GCC/ARM_CM7/r0p1/port.o
 .debug_abbrev  0x0000000000002c0e      0x29e Middlewares/Third_Party/FreeRTOS/org/Source/portable/MemMang/heap_4.o
 .debug_abbrev  0x0000000000002eac       0xb5 Middlewares/Third_Party/SEGGER/Config/SEGGER_SYSVIEW_Config_FreeRTOS.o
 .debug_abbrev  0x0000000000002f61      0x1ed Middlewares/Third_Party/SEGGER/OS/SEGGER_SYSVIEW_FreeRTOS.o
 .debug_abbrev  0x000000000000314e      0x2a7 Middlewares/Third_Party/SEGGER/SEGGER/SEGGER_RTT.o
 .debug_abbrev  0x00000000000033f5       0x14 Middlewares/Third_Party/SEGGER/SEGGER/SEGGER_RTT_ASM_ARMv7M.o
 .debug_abbrev  0x0000000000003409      0x338 Middlewares/Third_Party/SEGGER/SEGGER/SEGGER_SYSVIEW.o

.debug_aranges  0x0000000000000000     0x1690
 .debug_aranges
                0x0000000000000000       0x38 Core/Src/freertos.o
 .debug_aranges
                0x0000000000000038       0x20 Core/Src/gpio.o
 .debug_aranges
                0x0000000000000058       0x38 Core/Src/main.o
 .debug_aranges
                0x0000000000000090       0x20 Core/Src/stm32f7xx_hal_msp.o
 .debug_aranges
                0x00000000000000b0       0x30 Core/Src/stm32f7xx_hal_timebase_tim.o
 .debug_aranges
                0x00000000000000e0       0x50 Core/Src/stm32f7xx_it.o
 .debug_aranges
                0x0000000000000130       0x28 Core/Src/system_stm32f7xx.o
 .debug_aranges
                0x0000000000000158       0x30 Core/Src/usart.o
 .debug_aranges
                0x0000000000000188       0x28 Core/Startup/startup_stm32f746nghx.o
 .debug_aranges
                0x00000000000001b0      0x100 Drivers/STM32F7xx_HAL_Driver/Src/stm32f7xx_hal.o
 .debug_aranges
                0x00000000000002b0      0x118 Drivers/STM32F7xx_HAL_Driver/Src/stm32f7xx_hal_cortex.o
 .debug_aranges
                0x00000000000003c8       0x58 Drivers/STM32F7xx_HAL_Driver/Src/stm32f7xx_hal_gpio.o
 .debug_aranges
                0x0000000000000420       0x80 Drivers/STM32F7xx_HAL_Driver/Src/stm32f7xx_hal_pwr_ex.o
 .debug_aranges
                0x00000000000004a0       0x88 Drivers/STM32F7xx_HAL_Driver/Src/stm32f7xx_hal_rcc.o
 .debug_aranges
                0x0000000000000528       0x50 Drivers/STM32F7xx_HAL_Driver/Src/stm32f7xx_hal_rcc_ex.o
 .debug_aranges
                0x0000000000000578      0x3b8 Drivers/STM32F7xx_HAL_Driver/Src/stm32f7xx_hal_tim.o
 .debug_aranges
                0x0000000000000930      0x160 Drivers/STM32F7xx_HAL_Driver/Src/stm32f7xx_hal_tim_ex.o
 .debug_aranges
                0x0000000000000a90      0x210 Drivers/STM32F7xx_HAL_Driver/Src/stm32f7xx_hal_uart.o
 .debug_aranges
                0x0000000000000ca0      0x1d8 Middlewares/Third_Party/FreeRTOS/org/Source/CMSIS_RTOS/cmsis_os.o
 .debug_aranges
                0x0000000000000e78       0x40 Middlewares/Third_Party/FreeRTOS/org/Source/list.o
 .debug_aranges
                0x0000000000000eb8      0x108 Middlewares/Third_Party/FreeRTOS/org/Source/queue.o
 .debug_aranges
                0x0000000000000fc0      0x1b0 Middlewares/Third_Party/FreeRTOS/org/Source/tasks.o
 .debug_aranges
                0x0000000000001170       0x88 Middlewares/Third_Party/FreeRTOS/org/Source/portable/GCC/ARM_CM7/r0p1/port.o
 .debug_aranges
                0x00000000000011f8       0x50 Middlewares/Third_Party/FreeRTOS/org/Source/portable/MemMang/heap_4.o
 .debug_aranges
                0x0000000000001248       0x28 Middlewares/Third_Party/SEGGER/Config/SEGGER_SYSVIEW_Config_FreeRTOS.o
 .debug_aranges
                0x0000000000001270       0x48 Middlewares/Third_Party/SEGGER/OS/SEGGER_SYSVIEW_FreeRTOS.o
 .debug_aranges
                0x00000000000012b8      0x138 Middlewares/Third_Party/SEGGER/SEGGER/SEGGER_RTT.o
 .debug_aranges
                0x00000000000013f0       0x20 Middlewares/Third_Party/SEGGER/SEGGER/SEGGER_RTT_ASM_ARMv7M.o
 .debug_aranges
                0x0000000000001410      0x280 Middlewares/Third_Party/SEGGER/SEGGER/SEGGER_SYSVIEW.o

.debug_ranges   0x0000000000000000     0x14b8
 .debug_ranges  0x0000000000000000       0x28 Core/Src/freertos.o
 .debug_ranges  0x0000000000000028       0x10 Core/Src/gpio.o
 .debug_ranges  0x0000000000000038       0x28 Core/Src/main.o
 .debug_ranges  0x0000000000000060       0x10 Core/Src/stm32f7xx_hal_msp.o
 .debug_ranges  0x0000000000000070       0x20 Core/Src/stm32f7xx_hal_timebase_tim.o
 .debug_ranges  0x0000000000000090       0x40 Core/Src/stm32f7xx_it.o
 .debug_ranges  0x00000000000000d0       0x18 Core/Src/system_stm32f7xx.o
 .debug_ranges  0x00000000000000e8       0x20 Core/Src/usart.o
 .debug_ranges  0x0000000000000108       0x20 Core/Startup/startup_stm32f746nghx.o
 .debug_ranges  0x0000000000000128       0xf0 Drivers/STM32F7xx_HAL_Driver/Src/stm32f7xx_hal.o
 .debug_ranges  0x0000000000000218      0x108 Drivers/STM32F7xx_HAL_Driver/Src/stm32f7xx_hal_cortex.o
 .debug_ranges  0x0000000000000320       0x48 Drivers/STM32F7xx_HAL_Driver/Src/stm32f7xx_hal_gpio.o
 .debug_ranges  0x0000000000000368       0x70 Drivers/STM32F7xx_HAL_Driver/Src/stm32f7xx_hal_pwr_ex.o
 .debug_ranges  0x00000000000003d8       0x78 Drivers/STM32F7xx_HAL_Driver/Src/stm32f7xx_hal_rcc.o
 .debug_ranges  0x0000000000000450       0x40 Drivers/STM32F7xx_HAL_Driver/Src/stm32f7xx_hal_rcc_ex.o
 .debug_ranges  0x0000000000000490      0x3a8 Drivers/STM32F7xx_HAL_Driver/Src/stm32f7xx_hal_tim.o
 .debug_ranges  0x0000000000000838      0x150 Drivers/STM32F7xx_HAL_Driver/Src/stm32f7xx_hal_tim_ex.o
 .debug_ranges  0x0000000000000988      0x200 Drivers/STM32F7xx_HAL_Driver/Src/stm32f7xx_hal_uart.o
 .debug_ranges  0x0000000000000b88      0x1c8 Middlewares/Third_Party/FreeRTOS/org/Source/CMSIS_RTOS/cmsis_os.o
 .debug_ranges  0x0000000000000d50       0x30 Middlewares/Third_Party/FreeRTOS/org/Source/list.o
 .debug_ranges  0x0000000000000d80       0xf8 Middlewares/Third_Party/FreeRTOS/org/Source/queue.o
 .debug_ranges  0x0000000000000e78      0x1a0 Middlewares/Third_Party/FreeRTOS/org/Source/tasks.o
 .debug_ranges  0x0000000000001018       0x78 Middlewares/Third_Party/FreeRTOS/org/Source/portable/GCC/ARM_CM7/r0p1/port.o
 .debug_ranges  0x0000000000001090       0x40 Middlewares/Third_Party/FreeRTOS/org/Source/portable/MemMang/heap_4.o
 .debug_ranges  0x00000000000010d0       0x18 Middlewares/Third_Party/SEGGER/Config/SEGGER_SYSVIEW_Config_FreeRTOS.o
 .debug_ranges  0x00000000000010e8       0x38 Middlewares/Third_Party/SEGGER/OS/SEGGER_SYSVIEW_FreeRTOS.o
 .debug_ranges  0x0000000000001120      0x128 Middlewares/Third_Party/SEGGER/SEGGER/SEGGER_RTT.o
 .debug_ranges  0x0000000000001248      0x270 Middlewares/Third_Party/SEGGER/SEGGER/SEGGER_SYSVIEW.o

.debug_macro    0x0000000000000000    0x28720
 .debug_macro   0x0000000000000000      0x301 Core/Src/freertos.o
 .debug_macro   0x0000000000000301      0xa5a Core/Src/freertos.o
 .debug_macro   0x0000000000000d5b      0x174 Core/Src/freertos.o
 .debug_macro   0x0000000000000ecf       0x22 Core/Src/freertos.o
 .debug_macro   0x0000000000000ef1       0x8e Core/Src/freertos.o
 .debug_macro   0x0000000000000f7f       0x51 Core/Src/freertos.o
 .debug_macro   0x0000000000000fd0       0xef Core/Src/freertos.o
 .debug_macro   0x00000000000010bf       0x6a Core/Src/freertos.o
 .debug_macro   0x0000000000001129      0x1df Core/Src/freertos.o
 .debug_macro   0x0000000000001308       0xf8 Core/Src/freertos.o
 .debug_macro   0x0000000000001400       0x58 Core/Src/freertos.o
 .debug_macro   0x0000000000001458       0x46 Core/Src/freertos.o
 .debug_macro   0x000000000000149e       0x64 Core/Src/freertos.o
 .debug_macro   0x0000000000001502       0x16 Core/Src/freertos.o
 .debug_macro   0x0000000000001518       0x49 Core/Src/freertos.o
 .debug_macro   0x0000000000001561       0xb6 Core/Src/freertos.o
 .debug_macro   0x0000000000001617      0x204 Core/Src/freertos.o
 .debug_macro   0x000000000000181b      0x450 Core/Src/freertos.o
 .debug_macro   0x0000000000001c6b      0x15a Core/Src/freertos.o
 .debug_macro   0x0000000000001dc5       0xde Core/Src/freertos.o
 .debug_macro   0x0000000000001ea3       0x1c Core/Src/freertos.o
 .debug_macro   0x0000000000001ebf       0x26 Core/Src/freertos.o
 .debug_macro   0x0000000000001ee5      0x3c2 Core/Src/freertos.o
 .debug_macro   0x00000000000022a7       0xb5 Core/Src/freertos.o
 .debug_macro   0x000000000000235c       0xaa Core/Src/freertos.o
 .debug_macro   0x0000000000002406      0x293 Core/Src/freertos.o
 .debug_macro   0x0000000000002699       0x2e Core/Src/freertos.o
 .debug_macro   0x00000000000026c7       0x3b Core/Src/freertos.o
 .debug_macro   0x0000000000002702       0x1c Core/Src/freertos.o
 .debug_macro   0x000000000000271e       0x22 Core/Src/freertos.o
 .debug_macro   0x0000000000002740       0xdf Core/Src/freertos.o
 .debug_macro   0x000000000000281f     0x12cd Core/Src/freertos.o
 .debug_macro   0x0000000000003aec      0x11f Core/Src/freertos.o
 .debug_macro   0x0000000000003c0b       0x19 Core/Src/freertos.o
 .debug_macro   0x0000000000003c24    0x190f0 Core/Src/freertos.o
 .debug_macro   0x000000000001cd14       0x43 Core/Src/freertos.o
 .debug_macro   0x000000000001cd57     0x36b4 Core/Src/freertos.o
 .debug_macro   0x000000000002040b       0x61 Core/Src/freertos.o
 .debug_macro   0x000000000002046c     0x18ad Core/Src/freertos.o
 .debug_macro   0x0000000000021d19      0x6c4 Core/Src/freertos.o
 .debug_macro   0x00000000000223dd      0x185 Core/Src/freertos.o
 .debug_macro   0x0000000000022562      0x117 Core/Src/freertos.o
 .debug_macro   0x0000000000022679      0x1fe Core/Src/freertos.o
 .debug_macro   0x0000000000022877       0x27 Core/Src/freertos.o
 .debug_macro   0x000000000002289e      0x24f Core/Src/freertos.o
 .debug_macro   0x0000000000022aed       0x41 Core/Src/freertos.o
 .debug_macro   0x0000000000022b2e       0x58 Core/Src/freertos.o
 .debug_macro   0x0000000000022b86      0x236 Core/Src/freertos.o
 .debug_macro   0x0000000000022dbc      0x14f Core/Src/freertos.o
 .debug_macro   0x0000000000022f0b      0x25b Core/Src/freertos.o
 .debug_macro   0x0000000000023166       0x12 Core/Src/freertos.o
 .debug_macro   0x0000000000023178      0x22c Core/Src/freertos.o
 .debug_macro   0x00000000000233a4       0x5a Core/Src/freertos.o
 .debug_macro   0x00000000000233fe       0xa5 Core/Src/freertos.o
 .debug_macro   0x00000000000234a3      0x12f Core/Src/freertos.o
 .debug_macro   0x00000000000235d2      0x108 Core/Src/freertos.o
 .debug_macro   0x00000000000236da       0x35 Core/Src/freertos.o
 .debug_macro   0x000000000002370f      0xa2f Core/Src/freertos.o
 .debug_macro   0x000000000002413e       0x59 Core/Src/freertos.o
 .debug_macro   0x0000000000024197      0x53c Core/Src/freertos.o
 .debug_macro   0x00000000000246d3       0x44 Core/Src/freertos.o
 .debug_macro   0x0000000000024717      0x14e Core/Src/freertos.o
 .debug_macro   0x0000000000024865       0x91 Core/Src/freertos.o
 .debug_macro   0x00000000000248f6       0x8d Core/Src/freertos.o
 .debug_macro   0x0000000000024983       0x7e Core/Src/freertos.o
 .debug_macro   0x0000000000024a01       0x19 Core/Src/freertos.o
 .debug_macro   0x0000000000024a1a       0xf2 Core/Src/freertos.o
 .debug_macro   0x0000000000024b0c      0x1f7 Core/Src/gpio.o
 .debug_macro   0x0000000000024d03      0x319 Core/Src/main.o
 .debug_macro   0x000000000002501c       0xf8 Core/Src/main.o
 .debug_macro   0x0000000000025114      0x1ed Core/Src/stm32f7xx_hal_msp.o
 .debug_macro   0x0000000000025301      0x1e3 Core/Src/stm32f7xx_hal_timebase_tim.o
 .debug_macro   0x00000000000254e4      0x1f7 Core/Src/stm32f7xx_it.o
 .debug_macro   0x00000000000256db      0x1e9 Core/Src/system_stm32f7xx.o
 .debug_macro   0x00000000000258c4      0x1f7 Core/Src/usart.o
 .debug_macro   0x0000000000025abb      0x207 Drivers/STM32F7xx_HAL_Driver/Src/stm32f7xx_hal.o
 .debug_macro   0x0000000000025cc2      0x1e3 Drivers/STM32F7xx_HAL_Driver/Src/stm32f7xx_hal_cortex.o
 .debug_macro   0x0000000000025ea5      0x219 Drivers/STM32F7xx_HAL_Driver/Src/stm32f7xx_hal_gpio.o
 .debug_macro   0x00000000000260be      0x1fb Drivers/STM32F7xx_HAL_Driver/Src/stm32f7xx_hal_pwr_ex.o
 .debug_macro   0x00000000000262b9      0x207 Drivers/STM32F7xx_HAL_Driver/Src/stm32f7xx_hal_rcc.o
 .debug_macro   0x00000000000264c0      0x1e3 Drivers/STM32F7xx_HAL_Driver/Src/stm32f7xx_hal_rcc_ex.o
 .debug_macro   0x00000000000266a3      0x1e4 Drivers/STM32F7xx_HAL_Driver/Src/stm32f7xx_hal_tim.o
 .debug_macro   0x0000000000026887      0x1e3 Drivers/STM32F7xx_HAL_Driver/Src/stm32f7xx_hal_tim_ex.o
 .debug_macro   0x0000000000026a6a      0x200 Drivers/STM32F7xx_HAL_Driver/Src/stm32f7xx_hal_uart.o
 .debug_macro   0x0000000000026c6a      0x252 Middlewares/Third_Party/FreeRTOS/org/Source/CMSIS_RTOS/cmsis_os.o
 .debug_macro   0x0000000000026ebc       0x10 Middlewares/Third_Party/FreeRTOS/org/Source/CMSIS_RTOS/cmsis_os.o
 .debug_macro   0x0000000000026ecc       0x20 Middlewares/Third_Party/FreeRTOS/org/Source/CMSIS_RTOS/cmsis_os.o
 .debug_macro   0x0000000000026eec       0xc7 Middlewares/Third_Party/FreeRTOS/org/Source/CMSIS_RTOS/cmsis_os.o
 .debug_macro   0x0000000000026fb3      0x1db Middlewares/Third_Party/FreeRTOS/org/Source/list.o
 .debug_macro   0x000000000002718e      0x26a Middlewares/Third_Party/FreeRTOS/org/Source/queue.o
 .debug_macro   0x00000000000273f8       0x16 Middlewares/Third_Party/FreeRTOS/org/Source/queue.o
 .debug_macro   0x000000000002740e       0x87 Middlewares/Third_Party/FreeRTOS/org/Source/queue.o
 .debug_macro   0x0000000000027495      0x2d4 Middlewares/Third_Party/FreeRTOS/org/Source/tasks.o
 .debug_macro   0x0000000000027769       0x10 Middlewares/Third_Party/FreeRTOS/org/Source/tasks.o
 .debug_macro   0x0000000000027779      0x1e5 Middlewares/Third_Party/FreeRTOS/org/Source/portable/GCC/ARM_CM7/r0p1/port.o
 .debug_macro   0x000000000002795e      0x202 Middlewares/Third_Party/FreeRTOS/org/Source/portable/MemMang/heap_4.o
 .debug_macro   0x0000000000027b60      0x137 Middlewares/Third_Party/SEGGER/Config/SEGGER_SYSVIEW_Config_FreeRTOS.o
 .debug_macro   0x0000000000027c97      0x1f6 Middlewares/Third_Party/SEGGER/OS/SEGGER_SYSVIEW_FreeRTOS.o
 .debug_macro   0x0000000000027e8d      0x1b0 Middlewares/Third_Party/SEGGER/SEGGER/SEGGER_RTT.o
 .debug_macro   0x000000000002803d       0x34 Middlewares/Third_Party/SEGGER/SEGGER/SEGGER_RTT.o
 .debug_macro   0x0000000000028071      0x138 Middlewares/Third_Party/SEGGER/SEGGER/SEGGER_RTT.o
 .debug_macro   0x00000000000281a9      0x205 Middlewares/Third_Party/SEGGER/SEGGER/SEGGER_SYSVIEW.o
 .debug_macro   0x00000000000283ae      0x204 Middlewares/Third_Party/SEGGER/SEGGER/SEGGER_SYSVIEW.o
 .debug_macro   0x00000000000285b2      0x16e Middlewares/Third_Party/SEGGER/SEGGER/SEGGER_SYSVIEW.o

.debug_line     0x0000000000000000    0x13160
 .debug_line    0x0000000000000000      0xa62 Core/Src/freertos.o
 .debug_line    0x0000000000000a62      0x6f1 Core/Src/gpio.o
 .debug_line    0x0000000000001153      0xa93 Core/Src/main.o
 .debug_line    0x0000000000001be6      0x6ed Core/Src/stm32f7xx_hal_msp.o
 .debug_line    0x00000000000022d3      0x720 Core/Src/stm32f7xx_hal_timebase_tim.o
 .debug_line    0x00000000000029f3      0x772 Core/Src/stm32f7xx_it.o
 .debug_line    0x0000000000003165      0x705 Core/Src/system_stm32f7xx.o
 .debug_line    0x000000000000386a      0x722 Core/Src/usart.o
 .debug_line    0x0000000000003f8c       0x85 Core/Startup/startup_stm32f746nghx.o
 .debug_line    0x0000000000004011      0x914 Drivers/STM32F7xx_HAL_Driver/Src/stm32f7xx_hal.o
 .debug_line    0x0000000000004925      0xa15 Drivers/STM32F7xx_HAL_Driver/Src/stm32f7xx_hal_cortex.o
 .debug_line    0x000000000000533a      0x8f9 Drivers/STM32F7xx_HAL_Driver/Src/stm32f7xx_hal_gpio.o
 .debug_line    0x0000000000005c33      0x835 Drivers/STM32F7xx_HAL_Driver/Src/stm32f7xx_hal_pwr_ex.o
 .debug_line    0x0000000000006468      0x98a Drivers/STM32F7xx_HAL_Driver/Src/stm32f7xx_hal_rcc.o
 .debug_line    0x0000000000006df2      0x8fc Drivers/STM32F7xx_HAL_Driver/Src/stm32f7xx_hal_rcc_ex.o
 .debug_line    0x00000000000076ee     0x1a31 Drivers/STM32F7xx_HAL_Driver/Src/stm32f7xx_hal_tim.o
 .debug_line    0x000000000000911f      0xd9c Drivers/STM32F7xx_HAL_Driver/Src/stm32f7xx_hal_tim_ex.o
 .debug_line    0x0000000000009ebb     0x129b Drivers/STM32F7xx_HAL_Driver/Src/stm32f7xx_hal_uart.o
 .debug_line    0x000000000000b156      0xe7c Middlewares/Third_Party/FreeRTOS/org/Source/CMSIS_RTOS/cmsis_os.o
 .debug_line    0x000000000000bfd2      0x828 Middlewares/Third_Party/FreeRTOS/org/Source/list.o
 .debug_line    0x000000000000c7fa     0x114c Middlewares/Third_Party/FreeRTOS/org/Source/queue.o
 .debug_line    0x000000000000d946     0x1364 Middlewares/Third_Party/FreeRTOS/org/Source/tasks.o
 .debug_line    0x000000000000ecaa      0x8b1 Middlewares/Third_Party/FreeRTOS/org/Source/portable/GCC/ARM_CM7/r0p1/port.o
 .debug_line    0x000000000000f55b      0x90e Middlewares/Third_Party/FreeRTOS/org/Source/portable/MemMang/heap_4.o
 .debug_line    0x000000000000fe69      0x68e Middlewares/Third_Party/SEGGER/Config/SEGGER_SYSVIEW_Config_FreeRTOS.o
 .debug_line    0x00000000000104f7      0x8b9 Middlewares/Third_Party/SEGGER/OS/SEGGER_SYSVIEW_FreeRTOS.o
 .debug_line    0x0000000000010db0      0xa31 Middlewares/Third_Party/SEGGER/SEGGER/SEGGER_RTT.o
 .debug_line    0x00000000000117e1       0xad Middlewares/Third_Party/SEGGER/SEGGER/SEGGER_RTT_ASM_ARMv7M.o
 .debug_line    0x000000000001188e     0x18d2 Middlewares/Third_Party/SEGGER/SEGGER/SEGGER_SYSVIEW.o

.debug_str      0x0000000000000000    0xfbe58
 .debug_str     0x0000000000000000    0xf0060 Core/Src/freertos.o
                                      0xf07e7 (size before relaxing)
 .debug_str     0x00000000000f0060      0x199 Core/Src/gpio.o
                                      0xe65fa (size before relaxing)
 .debug_str     0x00000000000f01f9      0xa5e Core/Src/main.o
                                      0xf0f3f (size before relaxing)
 .debug_str     0x00000000000f0c57      0x5ba Core/Src/stm32f7xx_hal_msp.o
                                      0xe6b00 (size before relaxing)
 .debug_str     0x00000000000f1211       0xaa Core/Src/stm32f7xx_hal_timebase_tim.o
                                      0xe7051 (size before relaxing)
 .debug_str     0x00000000000f12bb       0xab Core/Src/stm32f7xx_it.o
                                      0xe6923 (size before relaxing)
 .debug_str     0x00000000000f1366      0x18d Core/Src/system_stm32f7xx.o
                                      0xe66ad (size before relaxing)
 .debug_str     0x00000000000f14f3       0x57 Core/Src/usart.o
                                      0xe6a66 (size before relaxing)
 .debug_str     0x00000000000f154a       0x36 Core/Startup/startup_stm32f746nghx.o
                                         0x72 (size before relaxing)
 .debug_str     0x00000000000f1580      0x341 Drivers/STM32F7xx_HAL_Driver/Src/stm32f7xx_hal.o
                                      0xe6f5f (size before relaxing)